Component: ARM Compiler 5.06 update 7 (build 960) Tool: armlink [4d3601]

==============================================================================

Section Cross References

    st7735_driver.o(i.DrawGrid) refers to st7735_driver.o(i.ST7735_DrawFastHLine) for ST7735_DrawFastHLine
    st7735_driver.o(i.DrawGrid) refers to st7735_driver.o(i.ST7735_DrawFastVLine) for ST7735_DrawFastVLine
    st7735_driver.o(i.Output_Clear) refers to st7735_driver.o(i.ST7735_FillScreen) for ST7735_FillScreen
    st7735_driver.o(i.Output_Color) refers to st7735_driver.o(i.ST7735_SetTextColor) for ST7735_SetTextColor
    st7735_driver.o(i.Output_Init) refers to st7735_driver.o(i.ST7735_InitR) for ST7735_InitR
    st7735_driver.o(i.Output_Init) refers to st7735_driver.o(i.ST7735_FillScreen) for ST7735_FillScreen
    st7735_driver.o(i.Output_Off) refers to st7735_driver.o(i.Output_Clear) for Output_Clear
    st7735_driver.o(i.Output_On) refers to st7735_driver.o(i.Output_Init) for Output_Init
    st7735_driver.o(i.ST7735_DrawBitmap) refers to st7735_driver.o(i.setAddrWindow) for setAddrWindow
    st7735_driver.o(i.ST7735_DrawBitmap) refers to spi.o(i.WriteData) for WriteData
    st7735_driver.o(i.ST7735_DrawBitmap) refers to st7735_driver.o(i.deselect) for deselect
    st7735_driver.o(i.ST7735_DrawBitmap) refers to st7735_driver.o(.data) for _width
    st7735_driver.o(i.ST7735_DrawChar) refers to st7735_driver.o(i.setAddrWindow) for setAddrWindow
    st7735_driver.o(i.ST7735_DrawChar) refers to st7735_driver.o(i.pushColor) for pushColor
    st7735_driver.o(i.ST7735_DrawChar) refers to st7735_driver.o(.data) for _width
    st7735_driver.o(i.ST7735_DrawChar) refers to st7735_driver.o(.constdata) for Font
    st7735_driver.o(i.ST7735_DrawCharS) refers to st7735_driver.o(i.ST7735_DrawPixel) for ST7735_DrawPixel
    st7735_driver.o(i.ST7735_DrawCharS) refers to st7735_driver.o(i.ST7735_FillRect) for ST7735_FillRect
    st7735_driver.o(i.ST7735_DrawCharS) refers to st7735_driver.o(.data) for _width
    st7735_driver.o(i.ST7735_DrawCharS) refers to st7735_driver.o(.constdata) for Font
    st7735_driver.o(i.ST7735_DrawCircle) refers to st7735_driver.o(i.setAddrWindow) for setAddrWindow
    st7735_driver.o(i.ST7735_DrawCircle) refers to spi.o(i.WriteData) for WriteData
    st7735_driver.o(i.ST7735_DrawCircle) refers to st7735_driver.o(i.deselect) for deselect
    st7735_driver.o(i.ST7735_DrawCircle) refers to st7735_driver.o(.data) for _width
    st7735_driver.o(i.ST7735_DrawCircle) refers to st7735_driver.o(.constdata) for circle
    st7735_driver.o(i.ST7735_DrawFastHLine) refers to st7735_driver.o(i.setAddrWindow) for setAddrWindow
    st7735_driver.o(i.ST7735_DrawFastHLine) refers to spi.o(i.WriteData) for WriteData
    st7735_driver.o(i.ST7735_DrawFastHLine) refers to st7735_driver.o(.data) for _width
    st7735_driver.o(i.ST7735_DrawFastVLine) refers to st7735_driver.o(i.setAddrWindow) for setAddrWindow
    st7735_driver.o(i.ST7735_DrawFastVLine) refers to spi.o(i.WriteData) for WriteData
    st7735_driver.o(i.ST7735_DrawFastVLine) refers to st7735_driver.o(.data) for _width
    st7735_driver.o(i.ST7735_DrawPixel) refers to st7735_driver.o(i.setAddrWindow) for setAddrWindow
    st7735_driver.o(i.ST7735_DrawPixel) refers to st7735_driver.o(i.pushColor) for pushColor
    st7735_driver.o(i.ST7735_DrawPixel) refers to st7735_driver.o(.data) for _width
    st7735_driver.o(i.ST7735_DrawSmallCircle) refers to st7735_driver.o(i.setAddrWindow) for setAddrWindow
    st7735_driver.o(i.ST7735_DrawSmallCircle) refers to spi.o(i.WriteData) for WriteData
    st7735_driver.o(i.ST7735_DrawSmallCircle) refers to st7735_driver.o(i.deselect) for deselect
    st7735_driver.o(i.ST7735_DrawSmallCircle) refers to st7735_driver.o(.data) for _width
    st7735_driver.o(i.ST7735_DrawSmallCircle) refers to st7735_driver.o(.constdata) for smallCircle
    st7735_driver.o(i.ST7735_DrawString) refers to st7735_driver.o(i.ST7735_DrawCharS) for ST7735_DrawCharS
    st7735_driver.o(i.ST7735_Drawaxes) refers to st7735_driver.o(i.ST7735_FillRect) for ST7735_FillRect
    st7735_driver.o(i.ST7735_Drawaxes) refers to st7735_driver.o(i.ST7735_DrawFastHLine) for ST7735_DrawFastHLine
    st7735_driver.o(i.ST7735_Drawaxes) refers to st7735_driver.o(i.ST7735_DrawFastVLine) for ST7735_DrawFastVLine
    st7735_driver.o(i.ST7735_Drawaxes) refers to st7735_driver.o(i.ST7735_DrawPixel) for ST7735_DrawPixel
    st7735_driver.o(i.ST7735_Drawaxes) refers to st7735_driver.o(i.ST7735_DrawChar) for ST7735_DrawChar
    st7735_driver.o(i.ST7735_Drawaxes) refers to st7735_driver.o(.data) for Ymax
    st7735_driver.o(i.ST7735_FillRect) refers to st7735_driver.o(i.setAddrWindow) for setAddrWindow
    st7735_driver.o(i.ST7735_FillRect) refers to spi.o(i.WriteData) for WriteData
    st7735_driver.o(i.ST7735_FillRect) refers to st7735_driver.o(.data) for _width
[...]
    st7735_driver.o(i.ST7735_PlotClear) refers to st7735_driver.o(i.ST7735_FillRect) for ST7735_FillRect
    st7735_driver.o(i.ST7735_PlotClear) refers to st7735_driver.o(.data) for Ymax
    st7735_driver.o(i.ST7735_PlotIncrement) refers to st7735_driver.o(i.ST7735_DrawFastVLine) for ST7735_DrawFastVLine
    st7735_driver.o(i.ST7735_PlotIncrement) refers to st7735_driver.o(.data) for TimeIndex
    st7735_driver.o(i.ST7735_PlotLine) refers to st7735_driver.o(i.ST7735_DrawPixel) for ST7735_DrawPixel
    st7735_driver.o(i.ST7735_PlotLine) refers to st7735_driver.o(.data) for Ymin
    st7735_driver.o(i.ST7735_PlotNext) refers to st7735_driver.o(.data) for X
    st7735_driver.o(i.ST7735_PlotNextErase) refers to st7735_driver.o(i.ST7735_Color565) for ST7735_Color565
    st7735_driver.o(i.ST7735_PlotNextErase) refers to st7735_driver.o(i.ST7735_DrawFastVLine) for ST7735_DrawFastVLine
    st7735_driver.o(i.ST7735_PlotNextErase) refers to st7735_driver.o(.data) for X
    st7735_driver.o(i.ST7735_PlotPoint) refers to st7735_driver.o(i.ST7735_DrawPixel) for ST7735_DrawPixel
    st7735_driver.o(i.ST7735_PlotPoint) refers to st7735_driver.o(.data) for Ymin
    st7735_driver.o(i.ST7735_PlotPoint2) refers to st7735_driver.o(i.ST7735_DrawPixel) for ST7735_DrawPixel
    st7735_driver.o(i.ST7735_PlotPoint2) refers to st7735_driver.o(.data) for Ymin
    st7735_driver.o(i.ST7735_PlotPoints) refers to st7735_driver.o(i.ST7735_DrawPixel) for ST7735_DrawPixel
    st7735_driver.o(i.ST7735_PlotPoints) refers to st7735_driver.o(.data) for Ymin
    st7735_driver.o(i.ST7735_PlotdBfs) refers to st7735_driver.o(i.ST7735_DrawFastVLine) for ST7735_DrawFastVLine
    st7735_driver.o(i.ST7735_PlotdBfs) refers to st7735_driver.o(.constdata) for dBfs
    st7735_driver.o(i.ST7735_PlotdBfs) refers to st7735_driver.o(.data) for X
    st7735_driver.o(i.ST7735_SetCursor) refers to st7735_driver.o(.data) for StX
    st7735_driver.o(i.ST7735_SetRotation) refers to spi.o(i.WriteCommand) for WriteCommand
    st7735_driver.o(i.ST7735_SetRotation) refers to spi.o(i.WriteData) for WriteData
    st7735_driver.o(i.ST7735_SetRotation) refers to st7735_driver.o(i.deselect) for deselect
    st7735_driver.o(i.ST7735_SetRotation) refers to st7735_driver.o(.data) for Rotation
    st7735_driver.o(i.ST7735_SetTextColor) refers to st7735_driver.o(.data) for StTextColor
    st7735_driver.o(i.ST7735_SimplePlotPoint) refers to st7735_driver.o(i.ST7735_DrawPixel) for ST7735_DrawPixel
    st7735_driver.o(i.ST7735_SimplePlotPoint) refers to st7735_driver.o(.data) for Ymin
    st7735_driver.o(i.StandartInitCmd) refers to spi.o(i.WriteCommand) for WriteCommand
    st7735_driver.o(i.StandartInitCmd) refers to st7735_driver.o(i.Delay) for Delay
    st7735_driver.o(i.StandartInitCmd) refers to spi.o(i.WriteData) for WriteData
    st7735_driver.o(i.commandList) refers to spi.o(i.WriteCommand) for WriteCommand
    st7735_driver.o(i.commandList) refers to spi.o(i.WriteData) for WriteData
    st7735_driver.o(i.commandList) refers to st7735_driver.o(i.Delay) for Delay
    st7735_driver.o(i.commonInit) refers to st7735_driver.o(i.Delay) for Delay
    st7735_driver.o(i.commonInit) refers to st7735_driver.o(i.commandList) for commandList
    st7735_driver.o(i.commonInit) refers to st7735_driver.o(.data) for RowStart
    st7735_driver.o(i.fillmessage) refers to st7735_driver.o(.bss) for Message
    st7735_driver.o(i.fillmessage) refers to st7735_driver.o(.data) for Messageindex
    st7735_driver.o(i.fputc) refers to st7735_driver.o(i.ST7735_OutChar) for ST7735_OutChar
    st7735_driver.o(i.lcd7735_at) refers to spi.o(i.WriteCommand) for WriteCommand
    st7735_driver.o(i.lcd7735_at) refers to spi.o(i.WriteData) for WriteData
    st7735_driver.o(i.pushColor) refers to spi.o(i.WriteData) for WriteData
    st7735_driver.o(i.setAddrWindow) refers to spi.o(i.WriteCommand) for WriteCommand
    st7735_driver.o(i.setAddrWindow) refers to spi.o(i.WriteData) for WriteData
    st7735_driver.o(i.setAddrWindow) refers to st7735_driver.o(.data) for ColStart
    adc.o(i.SysTick_Handler) refers to adc.o(i.SampleADC_0) for SampleADC_0
    adc.o(i.SysTick_Handler) refers to adc.o(.data) for Data
    spi.o(i.InitSSI_0) refers to st7735_driver.o(i.Delay) for Delay
    spi.o(i.InitSSI_0) refers to st7735_driver.o(i.StandartInitCmd) for StandartInitCmd
    uart.o(i.OutUDec) refers to uart.o(i.UART0Tx) for UART0Tx
    uart.o(i.OutUDec) refers to uart.o(.bss) for buffer
    uart.o(i.UART0Tx) refers to timer.o(i.Delay1Ms) for Delay1Ms
    uart.o(i.initUART0) refers to f2d.o(x$fpl$f2d) for __aeabi_f2d
    uart.o(i.initUART0) refers to ddiv.o(x$fpl$ddiv) for __aeabi_ddiv
    uart.o(i.initUART0) refers to d2f.o(x$fpl$d2f) for __aeabi_d2f
    main.o(i.PlotADC) refers to st7735_driver.o(i.ST7735_DrawCharS) for ST7735_DrawCharS
    main.o(i.Send2MATLAB) refers to adc.o(i.SampleADC_0) for SampleADC_0
    main.o(i.Send2MATLAB) refers to dflt_clz.o(x$fpl$dflt) for __aeabi_i2d
    main.o(i.Send2MATLAB) refers to ddiv.o(x$fpl$ddiv) for __aeabi_ddiv
    main.o(i.Send2MATLAB) refers to dfixu.o(x$fpl$dfixu) for __aeabi_d2uiz
    main.o(i.Send2MATLAB) refers to uart.o(i.UART0Tx) for UART0Tx
    main.o(i.Send2MATLAB) refers to main.o(.data) for AnalogIn
    main.o(i.ToogleLED) refers to st7735_driver.o(i.ST7735_PlotPoint) for ST7735_PlotPoint
    main.o(i.main) refers to adc.o(i.InitADC_0) for InitADC_0
    main.o(i.main) refers to spi.o(i.InitSSI_0) for InitSSI_0
    main.o(i.main) refers to uart.o(i.initGPIOA) for initGPIOA
    main.o(i.main) refers to uart.o(i.initUART0) for initUART0
    main.o(i.main) refers to uart.o(i.initGPIOF) for initGPIOF
    main.o(i.main) refers to st7735_driver.o(i.ST7735_Drawaxes) for ST7735_Drawaxes
    main.o(i.main) refers to st7735_driver.o(i.ST7735_DrawString) for ST7735_DrawString
    main.o(i.main) refers to adc.o(i.SampleADC_0) for SampleADC_0
    main.o(i.main) refers to main.o(i.ToogleLED) for ToogleLED
    main.o(i.main) refers to timer.o(i.Delay1Ms) for Delay1Ms
    main.o(i.main) refers to main.o(i.PlotADC) for PlotADC
    main.o(i.main) refers to main.o(i.Send2MATLAB) for Send2MATLAB
    main.o(i.main) refers to st7735_driver.o(i.ST7735_PlotPoint) for ST7735_PlotPoint
    main.o(i.main) refers to st7735_driver.o(i.ST7735_PlotIncrement) for ST7735_PlotIncrement
    main.o(i.main) refers to main.o(.data) for AnalogIn
    startup_tm4c123.o(STACK) refers (Special) to heapauxi.o(.text) for __use_two_region_memory
    startup_tm4c123.o(HEAP) refers (Special) to heapauxi.o(.text) for __use_two_region_memory
    startup_tm4c123.o(RESET) refers (Special) to heapauxi.o(.text) for __use_two_region_memory
    startup_tm4c123.o(RESET) refers to startup_tm4c123.o(STACK) for __initial_sp
    startup_tm4c123.o(RESET) refers to startup_tm4c123.o(.text) for Reset_Handler
    startup_tm4c123.o(RESET) refers to adc.o(i.SysTick_Handler) for SysTick_Handler
    startup_tm4c123.o(.text) refers (Special) to heapauxi.o(.text) for __use_two_region_memory
    startup_tm4c123.o(.text) refers to system_tm4c123.o(i.SystemInit) for SystemInit
    startup_tm4c123.o(.text) refers to __main.o(!!!main) for __main
    startup_tm4c123.o(.text) refers to startup_tm4c123.o(HEAP) for Heap_Mem
    startup_tm4c123.o(.text) refers to startup_tm4c123.o(STACK) for Stack_Mem
    system_tm4c123.o(i.SystemCoreClockUpdate) refers to system_tm4c123.o(i.getOscClk) for getOscClk
    system_tm4c123.o(i.SystemCoreClockUpdate) refers to system_tm4c123.o(.data) for SystemCoreClock
    __main.o(!!!main) refers to __rtentry.o(.ARM.Collect$$rtentry$$00000000) for __rt_entry
    d2f.o(x$fpl$d2f) refers (Special) to usenofp.o(x$fpl$usenofp) for __I$use$fp
    d2f.o(x$fpl$d2f) refers to fretinf.o(x$fpl$fretinf) for __fpl_fretinf
    d2f.o(x$fpl$d2f) refers to dnaninf.o(x$fpl$dnaninf) for __fpl_dnaninf
    ddiv.o(x$fpl$drdiv) refers (Special) to usenofp.o(x$fpl$usenofp) for __I$use$fp
    ddiv.o(x$fpl$drdiv) refers to ddiv.o(x$fpl$ddiv) for ddiv_entry
    ddiv.o(x$fpl$ddiv) refers (Special) to usenofp.o(x$fpl$usenofp) for __I$use$fp
    ddiv.o(x$fpl$ddiv) refers to dretinf.o(x$fpl$dretinf) for __fpl_dretinf
    ddiv.o(x$fpl$ddiv) refers to dnaninf.o(x$fpl$dnaninf) for __fpl_dnaninf
    dfixu.o(x$fpl$dfixu) refers (Special) to usenofp.o(x$fpl$usenofp) for __I$use$fp
    dfixu.o(x$fpl$dfixu) refers to dnaninf.o(x$fpl$dnaninf) for __fpl_dnaninf
    dfixu.o(x$fpl$dfixur) refers (Special) to usenofp.o(x$fpl$usenofp) for __I$use$fp
    dfixu.o(x$fpl$dfixur) refers to dnaninf.o(x$fpl$dnaninf) for __fpl_dnaninf
    dflt_clz.o(x$fpl$dfltu) refers (Special) to usenofp.o(x$fpl$usenofp) for __I$use$fp
    dflt_clz.o(x$fpl$dflt) refers (Special) to usenofp.o(x$fpl$usenofp) for __I$use$fp
    dflt_clz.o(x$fpl$dfltn) refers (Special) to usenofp.o(x$fpl$usenofp) for __I$use$fp
    f2d.o(x$fpl$f2d) refers (Special) to usenofp.o(x$fpl$usenofp) for __I$use$fp
    f2d.o(x$fpl$f2d) refers to fnaninf.o(x$fpl$fnaninf) for __fpl_fnaninf
    f2d.o(x$fpl$f2d) refers to dretinf.o(x$fpl$dretinf) for __fpl_dretinf
    __rtentry.o(.ARM.Collect$$rtentry$$00000000) refers (Special) to __rtentry2.o(.ARM.Collect$$rtentry$$0000000A) for __rt_entry_li
    __rtentry.o(.ARM.Collect$$rtentry$$00000000) refers (Special) to __rtentry2.o(.ARM.Collect$$rtentry$$0000000D) for __rt_entry_main
    __rtentry.o(.ARM.Collect$$rtentry$$00000000) refers (Special) to __rtentry2.o(.ARM.Collect$$rtentry$$0000000C) for __rt_entry_postli_1
    __rtentry.o(.ARM.Collect$$rtentry$$00000000) refers (Special) to __rtentry2.o(.ARM.Collect$$rtentry$$00000009) for __rt_entry_postsh_1
    __rtentry.o(.ARM.Collect$$rtentry$$00000000) refers (Special) to __rtentry2.o(.ARM.Collect$$rtentry$$00000002) for __rt_entry_presh_1
    __rtentry.o(.ARM.Collect$$rtentry$$00000000) refers (Special) to __rtentry4.o(.ARM.Collect$$rtentry$$00000004) for __rt_entry_sh
    dnaninf.o(x$fpl$dnaninf) refers (Special) to usenofp.o(x$fpl$usenofp) for __I$use$fp
    dretinf.o(x$fpl$dretinf) refers (Special) to usenofp.o(x$fpl$usenofp) for __I$use$fp
    fnaninf.o(x$fpl$fnaninf) refers (Special) to usenofp.o(x$fpl$usenofp) for __I$use$fp
    fretinf.o(x$fpl$fretinf) refers (Special) to usenofp.o(x$fpl$usenofp) for __I$use$fp
    __rtentry2.o(.ARM.Collect$$rtentry$$00000008) refers to boardinit2.o(.text) for _platform_post_stackheap_init
    __rtentry2.o(.ARM.Collect$$rtentry$$0000000A) refers to libinit.o(.ARM.Collect$$libinit$$00000000) for __rt_lib_init
    __rtentry2.o(.ARM.Collect$$rtentry$$0000000B) refers to boardinit3.o(.text) for _platform_post_lib_init
    __rtentry2.o(.ARM.Collect$$rtentry$$0000000D) refers to main.o(i.main) for main
    __rtentry2.o(.ARM.Collect$$rtentry$$0000000D) refers to exit.o(.text) for exit
    __rtentry2.o(.ARM.exidx) refers to __rtentry2.o(.ARM.Collect$$rtentry$$00000001) for .ARM.Collect$$rtentry$$00000001
    __rtentry2.o(.ARM.exidx) refers to __rtentry2.o(.ARM.Collect$$rtentry$$00000008) for .ARM.Collect$$rtentry$$00000008
    __rtentry2.o(.ARM.exidx) refers to __rtentry2.o(.ARM.Collect$$rtentry$$0000000A) for .ARM.Collect$$rtentry$$0000000A
    __rtentry2.o(.ARM.exidx) refers to __rtentry2.o(.ARM.Collect$$rtentry$$0000000B) for .ARM.Collect$$rtentry$$0000000B
    __rtentry2.o(.ARM.exidx) refers to __rtentry2.o(.ARM.Collect$$rtentry$$0000000D) for .ARM.Collect$$rtentry$$0000000D
    __rtentry4.o(.ARM.Collect$$rtentry$$00000004) refers to sys_stackheap_outer.o(.text) for __user_setup_stackheap
    __rtentry4.o(.ARM.exidx) refers to __rtentry4.o(.ARM.Collect$$rtentry$$00000004) for .ARM.Collect$$rtentry$$00000004
    sys_stackheap_outer.o(.text) refers to libspace.o(.text) for __user_perproc_libspace
    sys_stackheap_outer.o(.text) refers to startup_tm4c123.o(.text) for __user_initial_stackheap
    exit.o(.text) refers to rtexit.o(.ARM.Collect$$rtexit$$00000000) for __rt_exit
    libinit.o(.ARM.Collect$$libinit$$00000000) refers (Special) to libinit2.o(.ARM.Collect$$libinit$$0000002E) for __rt_lib_init_alloca_1
    libinit.o(.ARM.Collect$$libinit$$00000000) refers (Special) to libinit2.o(.ARM.Collect$$libinit$$0000002C) for __rt_lib_init_argv_1
    libinit.o(.ARM.Collect$$libinit$$00000000) refers (Special) to libinit2.o(.ARM.Collect$$libinit$$0000001B) for __rt_lib_init_atexit_1
    libinit.o(.ARM.Collect$$libinit$$00000000) refers (Special) to libinit2.o(.ARM.Collect$$libinit$$00000021) for __rt_lib_init_clock_1
    libinit.o(.ARM.Collect$$libinit$$00000000) refers (Special) to libinit2.o(.ARM.Collect$$libinit$$00000032) for __rt_lib_init_cpp_1
    libinit.o(.ARM.Collect$$libinit$$00000000) refers (Special) to libinit2.o(.ARM.Collect$$libinit$$00000030) for __rt_lib_init_exceptions_1
    libinit.o(.ARM.Collect$$libinit$$00000000) refers (Special) to libinit2.o(.ARM.Collect$$libinit$$00000001) for __rt_lib_init_fp_1
    libinit.o(.ARM.Collect$$libinit$$00000000) refers (Special) to libinit2.o(.ARM.Collect$$libinit$$0000001F) for __rt_lib_init_fp_trap_1
    libinit.o(.ARM.Collect$$libinit$$00000000) refers (Special) to libinit2.o(.ARM.Collect$$libinit$$00000023) for __rt_lib_init_getenv_1
    libinit.o(.ARM.Collect$$libinit$$00000000) refers (Special) to libinit2.o(.ARM.Collect$$libinit$$0000000A) for __rt_lib_init_heap_1
    libinit.o(.ARM.Collect$$libinit$$00000000) refers (Special) to libinit2.o(.ARM.Collect$$libinit$$00000011) for __rt_lib_init_lc_collate_1
    libinit.o(.ARM.Collect$$libinit$$00000000) refers (Special) to libinit2.o(.ARM.Collect$$libinit$$00000013) for __rt_lib_init_lc_ctype_1
    libinit.o(.ARM.Collect$$libinit$$00000000) refers (Special) to libinit2.o(.ARM.Collect$$libinit$$00000015) for __rt_lib_init_lc_monetary_1
    libinit.o(.ARM.Collect$$libinit$$00000000) refers (Special) to libinit2.o(.ARM.Collect$$libinit$$00000017) for __rt_lib_init_lc_numeric_1
    libinit.o(.ARM.Collect$$libinit$$00000000) refers (Special) to libinit2.o(.ARM.Collect$$libinit$$00000019) for __rt_lib_init_lc_time_1
    libinit.o(.ARM.Collect$$libinit$$00000000) refers (Special) to libinit2.o(.ARM.Collect$$libinit$$00000004) for __rt_lib_init_preinit_1
    libinit.o(.ARM.Collect$$libinit$$00000000) refers (Special) to libinit2.o(.ARM.Collect$$libinit$$0000000E) for __rt_lib_init_rand_1
    libinit.o(.ARM.Collect$$libinit$$00000000) refers (Special) to libinit2.o(.ARM.Collect$$libinit$$00000033) for __rt_lib_init_return
    libinit.o(.ARM.Collect$$libinit$$00000000) refers (Special) to libinit2.o(.ARM.Collect$$libinit$$0000001D) for __rt_lib_init_signal_1
    libinit.o(.ARM.Collect$$libinit$$00000000) refers (Special) to libinit2.o(.ARM.Collect$$libinit$$00000025) for __rt_lib_init_stdio_1
    libinit.o(.ARM.Collect$$libinit$$00000000) refers (Special) to libinit2.o(.ARM.Collect$$libinit$$0000000C) for __rt_lib_init_user_alloc_1
    libspace.o(.text) refers to libspace.o(.bss) for __libspace_start
    rtexit.o(.ARM.Collect$$rtexit$$00000000) refers (Special) to rtexit2.o(.ARM.Collect$$rtexit$$00000004) for __rt_exit_exit
    rtexit.o(.ARM.Collect$$rtexit$$00000000) refers (Special) to rtexit2.o(.ARM.Collect$$rtexit$$00000003) for __rt_exit_ls
    rtexit.o(.ARM.Collect$$rtexit$$00000000) refers (Special) to rtexit2.o(.ARM.Collect$$rtexit$$00000002) for __rt_exit_prels_1
    rtexit.o(.ARM.exidx) refers (Special) to rtexit2.o(.ARM.Collect$$rtexit$$00000004) for __rt_exit_exit
    rtexit.o(.ARM.exidx) refers (Special) to rtexit2.o(.ARM.Collect$$rtexit$$00000003) for __rt_exit_ls
    rtexit.o(.ARM.exidx) refers (Special) to rtexit2.o(.ARM.Collect$$rtexit$$00000002) for __rt_exit_prels_1
    rtexit.o(.ARM.exidx) refers to rtexit.o(.ARM.Collect$$rtexit$$00000000) for .ARM.Collect$$rtexit$$00000000
    libinit2.o(.ARM.Collect$$libinit$$00000001) refers to fpinit.o(x$fpl$fpinit) for _fp_init
    libinit2.o(.ARM.Collect$$libinit$$00000010) refers to libinit2.o(.ARM.Collect$$libinit$$0000000F) for .ARM.Collect$$libinit$$0000000F
    libinit2.o(.ARM.Collect$$libinit$$00000012) refers to libinit2.o(.ARM.Collect$$libinit$$0000000F) for .ARM.Collect$$libinit$$0000000F
    libinit2.o(.ARM.Collect$$libinit$$00000014) refers to libinit2.o(.ARM.Collect$$libinit$$0000000F) for .ARM.Collect$$libinit$$0000000F
    libinit2.o(.ARM.Collect$$libinit$$00000016) refers to libinit2.o(.ARM.Collect$$libinit$$0000000F) for .ARM.Collect$$libinit$$0000000F
    libinit2.o(.ARM.Collect$$libinit$$00000018) refers to libinit2.o(.ARM.Collect$$libinit$$0000000F) for .ARM.Collect$$libinit$$0000000F
    libinit2.o(.ARM.Collect$$libinit$$00000026) refers to argv_veneer.o(.emb_text) for __ARM_argv_veneer
    libinit2.o(.ARM.Collect$$libinit$$00000027) refers to argv_veneer.o(.emb_text) for __ARM_argv_veneer
    rtexit2.o(.ARM.Collect$$rtexit$$00000003) refers to libshutdown.o(.ARM.Collect$$libshutdown$$00000000) for __rt_lib_shutdown
    rtexit2.o(.ARM.Collect$$rtexit$$00000004) refers to sys_exit.o(.text) for _sys_exit
    rtexit2.o(.ARM.exidx) refers to rtexit2.o(.ARM.Collect$$rtexit$$00000001) for .ARM.Collect$$rtexit$$00000001
    rtexit2.o(.ARM.exidx) refers to rtexit2.o(.ARM.Collect$$rtexit$$00000003) for .ARM.Collect$$rtexit$$00000003
    rtexit2.o(.ARM.exidx) refers to rtexit2.o(.ARM.Collect$$rtexit$$00000004) for .ARM.Collect$$rtexit$$00000004
    argv_veneer.o(.emb_text) refers to no_argv.o(.text) for __ARM_get_argv
    sys_exit.o(.text) refers (Special) to use_no_semi.o(.text) for __I$use$semihosting
    sys_exit.o(.text) refers (Special) to indicate_semi.o(.text) for __semihosting_library_function
    _get_argv_nomalloc.o(.text) refers (Special) to hrguard.o(.text) for __heap_region$guard
    _get_argv_nomalloc.o(.text) refers to defsig_rtmem_outer.o(.text) for __rt_SIGRTMEM
    _get_argv_nomalloc.o(.text) refers to sys_command.o(.text) for _sys_command_string
    libshutdown.o(.ARM.Collect$$libshutdown$$00000000) refers (Special) to libshutdown2.o(.ARM.Collect$$libshutdown$$00000004) for __rt_lib_shutdown_cpp_1
    libshutdown.o(.ARM.Collect$$libshutdown$$00000000) refers (Special) to libshutdown2.o(.ARM.Collect$$libshutdown$$00000002) for __rt_lib_shutdown_fini_1
    libshutdown.o(.ARM.Collect$$libshutdown$$00000000) refers (Special) to libshutdown2.o(.ARM.Collect$$libshutdown$$00000009) for __rt_lib_shutdown_fp_trap_1
    libshutdown.o(.ARM.Collect$$libshutdown$$00000000) refers (Special) to libshutdown2.o(.ARM.Collect$$libshutdown$$00000011) for __rt_lib_shutdown_heap_1
    libshutdown.o(.ARM.Collect$$libshutdown$$00000000) refers (Special) to libshutdown2.o(.ARM.Collect$$libshutdown$$00000012) for __rt_lib_shutdown_return
    libshutdown.o(.ARM.Collect$$libshutdown$$00000000) refers (Special) to libshutdown2.o(.ARM.Collect$$libshutdown$$0000000C) for __rt_lib_shutdown_signal_1
    libshutdown.o(.ARM.Collect$$libshutdown$$00000000) refers (Special) to libshutdown2.o(.ARM.Collect$$libshutdown$$00000006) for __rt_lib_shutdown_stdio_1
    libshutdown.o(.ARM.Collect$$libshutdown$$00000000) refers (Special) to libshutdown2.o(.ARM.Collect$$libshutdown$$0000000E) for __rt_lib_shutdown_user_alloc_1
    sys_command.o(.text) refers (Special) to use_no_semi.o(.text) for __I$use$semihosting
    sys_command.o(.text) refers (Special) to indicate_semi.o(.text) for __semihosting_library_function
    defsig_rtmem_outer.o(.text) refers to defsig_rtmem_inner.o(.text) for __rt_SIGRTMEM_inner
    defsig_rtmem_outer.o(.text) refers to defsig_exit.o(.text) for __sig_exit
    defsig_rtmem_formal.o(.text) refers to rt_raise.o(.text) for __rt_raise
    rt_raise.o(.text) refers to __raise.o(.text) for __raise
    rt_raise.o(.text) refers to sys_exit.o(.text) for _sys_exit
    defsig_exit.o(.text) refers to sys_exit.o(.text) for _sys_exit
    defsig_rtmem_inner.o(.text) refers to defsig_general.o(.text) for __default_signal_display
    __raise.o(.text) refers to defsig.o(CL$$defsig) for __default_signal_handler
    defsig_general.o(.text) refers to sys_wrch.o(.text) for _ttywrch
    sys_wrch.o(.text) refers (Special) to use_no_semi.o(.text) for __I$use$semihosting
    sys_wrch.o(.text) refers (Special) to indicate_semi.o(.text) for __semihosting_library_function
    defsig.o(CL$$defsig) refers to defsig_rtmem_inner.o(.text) for __rt_SIGRTMEM_inner
    defsig_abrt_inner.o(.text) refers to defsig_general.o(.text) for __default_signal_display
    defsig_fpe_inner.o(.text) refers to defsig_general.o(.text) for __default_signal_display
    defsig_rtred_inner.o(.text) refers to defsig_general.o(.text) for __default_signal_display
    defsig_stak_inner.o(.text) refers to defsig_general.o(.text) for __default_signal_display
    defsig_pvfn_inner.o(.text) refers to defsig_general.o(.text) for __default_signal_display
    defsig_cppl_inner.o(.text) refers to defsig_general.o(.text) for __default_signal_display
    defsig_segv_inner.o(.text) refers to defsig_general.o(.text) for __default_signal_display
    defsig_other.o(.text) refers to defsig_general.o(.text) for __default_signal_display


==============================================================================

Removing Unused input sections from the image.

    Removing st7735_driver.o(.rev16_text), (4 bytes).
    Removing st7735_driver.o(.revsh_text), (4 bytes).
    Removing st7735_driver.o(.rrx_text), (6 bytes).
    Removing st7735_driver.o(i.DrawGrid), (50 bytes).
    Removing st7735_driver.o(i.Output_Clear), (10 bytes).
    Removing st7735_driver.o(i.Output_Color), (12 bytes).
    Removing st7735_driver.o(i.Output_Init), (16 bytes).
    Removing st7735_driver.o(i.Output_Off), (8 bytes).
    Removing st7735_driver.o(i.Output_On), (8 bytes).
    Removing st7735_driver.o(i.ST7735_Color565), (24 bytes).
    Removing st7735_driver.o(i.ST7735_DrawBitmap), (292 bytes).
    Removing st7735_driver.o(i.ST7735_DrawCircle), (172 bytes).
    Removing st7735_driver.o(i.ST7735_DrawSmallCircle), (172 bytes).
    Removing st7735_driver.o(i.ST7735_FillScreen), (36 bytes).
    Removing st7735_driver.o(i.ST7735_InitB), (40 bytes).
    Removing st7735_driver.o(i.ST7735_InitR), (124 bytes).
    Removing st7735_driver.o(i.ST7735_InvertDisplay), (26 bytes).
    Removing st7735_driver.o(i.ST7735_OutChar), (212 bytes).
    Removing st7735_driver.o(i.ST7735_OutString), (22 bytes).
    Removing st7735_driver.o(i.ST7735_OutUDec), (140 bytes).
    Removing st7735_driver.o(i.ST7735_PlotBar), (88 bytes).
    Removing st7735_driver.o(i.ST7735_PlotClear), (92 bytes).
    Removing st7735_driver.o(i.ST7735_PlotLine), (264 bytes).
    Removing st7735_driver.o(i.ST7735_PlotNext), (32 bytes).
    Removing st7735_driver.o(i.ST7735_PlotNextErase), (64 bytes).
    Removing st7735_driver.o(i.ST7735_PlotPoint2), (152 bytes).
    Removing st7735_driver.o(i.ST7735_PlotPoints), (172 bytes).
    Removing st7735_driver.o(i.ST7735_PlotdBfs), (60 bytes).
    Removing st7735_driver.o(i.ST7735_SetCursor), (32 bytes).
    Removing st7735_driver.o(i.ST7735_SetRotation), (216 bytes).
    Removing st7735_driver.o(i.ST7735_SetTextColor), (12 bytes).
    Removing st7735_driver.o(i.ST7735_SimplePlotPoint), (152 bytes).
    Removing st7735_driver.o(i.ST7735_SwapColor), (18 bytes).
    Removing st7735_driver.o(i.commandList), (86 bytes).
    Removing st7735_driver.o(i.commonInit), (496 bytes).
    Removing st7735_driver.o(i.deselect), (28 bytes).
    Removing st7735_driver.o(i.ferror), (8 bytes).
    Removing st7735_driver.o(i.fgetc), (6 bytes).
    Removing st7735_driver.o(i.fillmessage), (72 bytes).
    Removing st7735_driver.o(i.fputc), (16 bytes).
    Removing st7735_driver.o(i.lcd7735_at), (116 bytes).
    Removing st7735_driver.o(.bss), (12 bytes).
    Removing adc.o(.rev16_text), (4 bytes).
    Removing adc.o(.revsh_text), (4 bytes).
    Removing adc.o(.rrx_text), (6 bytes).
    Removing adc.o(i.InitGPIOF), (64 bytes).
    Removing spi.o(.rev16_text), (4 bytes).
    Removing spi.o(.revsh_text), (4 bytes).
    Removing spi.o(.rrx_text), (6 bytes).
    Removing spi.o(.constdata), (1275 bytes).
    Removing spi.o(.data), (8 bytes).
    Removing timer.o(.rev16_text), (4 bytes).
    Removing timer.o(.revsh_text), (4 bytes).
    Removing timer.o(.rrx_text), (6 bytes).
    Removing uart.o(.rev16_text), (4 bytes).
    Removing uart.o(.revsh_text), (4 bytes).
    Removing uart.o(.rrx_text), (6 bytes).
    Removing uart.o(i.OutUDec), (68 bytes).
    Removing uart.o(i.UART0Rx), (28 bytes).
    Removing uart.o(i.UART0RxNonBlocking), (28 bytes).
    Removing uart.o(i.UART0TxNonBlocking), (64 bytes).
    Removing uart.o(i.UART1Rx), (28 bytes).
    Removing uart.o(i.UART1RxNonBlocking), (28 bytes).
    Removing uart.o(i.UART1Tx), (28 bytes).
    Removing uart.o(i.UART1TxNonBlocking), (64 bytes).
    Removing uart.o(i.initGPIOB), (76 bytes).
    Removing uart.o(i.initUART1), (168 bytes).
    Removing uart.o(.bss), (11 bytes).
    Removing main.o(.rev16_text), (4 bytes).
    Removing main.o(.revsh_text), (4 bytes).
    Removing main.o(.rrx_text), (6 bytes).
    Removing main.o(.constdata), (1275 bytes).
    Removing system_tm4c123.o(.rev16_text), (4 bytes).
    Removing system_tm4c123.o(.revsh_text), (4 bytes).
    Removing system_tm4c123.o(.rrx_text), (6 bytes).
    Removing system_tm4c123.o(i.SystemCoreClockUpdate), (196 bytes).
    Removing system_tm4c123.o(i.getOscClk), (244 bytes).
    Removing system_tm4c123.o(.data), (4 bytes).

78 unused section(s) (total 7313 bytes) removed from the image.

==============================================================================

Image Symbol Table

    Local Symbols

    Symbol Name                              Value     Ov Type        Size  Object(Section)

    RESET                                    0x00000000   Section      620  startup_tm4c123.o(RESET)
    ../clib/angel/boardlib.s                 0x00000000   Number         0  boardshut.o ABSOLUTE
    ../clib/angel/boardlib.s                 0x00000000   Number         0  boardinit2.o ABSOLUTE
    ../clib/angel/boardlib.s                 0x00000000   Number         0  boardinit1.o ABSOLUTE
    ../clib/angel/boardlib.s                 0x00000000   Number         0  boardinit3.o ABSOLUTE
    ../clib/angel/handlers.s                 0x00000000   Number         0  __scatter_copy.o ABSOLUTE
    ../clib/angel/handlers.s                 0x00000000   Number         0  __scatter_zi.o ABSOLUTE
    ../clib/angel/kernel.s                   0x00000000   Number         0  __rtentry2.o ABSOLUTE
    ../clib/angel/kernel.s                   0x00000000   Number         0  rtexit2.o ABSOLUTE
    ../clib/angel/kernel.s                   0x00000000   Number         0  rtexit.o ABSOLUTE
    ../clib/angel/kernel.s                   0x00000000   Number         0  __rtentry.o ABSOLUTE
    ../clib/angel/kernel.s                   0x00000000   Number         0  __rtentry4.o ABSOLUTE
    ../clib/angel/rt.s                       0x00000000   Number         0  rt_raise.o ABSOLUTE
    ../clib/angel/scatter.s                  0x00000000   Number         0  __scatter.o ABSOLUTE
    ../clib/angel/startup.s                  0x00000000   Number         0  __main.o ABSOLUTE
    ../clib/angel/sys.s                      0x00000000   Number         0  sys_stackheap_outer.o ABSOLUTE
    ../clib/angel/sys.s                      0x00000000   Number         0  libspace.o ABSOLUTE
    ../clib/angel/sys.s                      0x00000000   Number         0  indicate_semi.o ABSOLUTE
    ../clib/angel/sys.s                      0x00000000   Number         0  use_no_semi.o ABSOLUTE
    ../clib/angel/sysapp.c                   0x00000000   Number         0  sys_wrch.o ABSOLUTE
    ../clib/angel/sysapp.c                   0x00000000   Number         0  sys_exit.o ABSOLUTE
    ../clib/angel/sysapp.c                   0x00000000   Number         0  sys_command.o ABSOLUTE
    ../clib/armsys.c                         0x00000000   Number         0  _get_argv_nomalloc.o ABSOLUTE
    ../clib/armsys.c                         0x00000000   Number         0  argv_veneer.o ABSOLUTE
    ../clib/armsys.c                         0x00000000   Number         0  argv_veneer.o ABSOLUTE
    ../clib/armsys.c                         0x00000000   Number         0  no_argv.o ABSOLUTE
    ../clib/heapalloc.c                      0x00000000   Number         0  hrguard.o ABSOLUTE
    ../clib/heapaux.c                        0x00000000   Number         0  heapauxi.o ABSOLUTE
    ../clib/libinit.s                        0x00000000   Number         0  libinit.o ABSOLUTE
    ../clib/libinit.s                        0x00000000   Number         0  libinit2.o ABSOLUTE
    ../clib/libinit.s                        0x00000000   Number         0  libshutdown2.o ABSOLUTE
    ../clib/libinit.s                        0x00000000   Number         0  libshutdown.o ABSOLUTE
    ../clib/signal.c                         0x00000000   Number         0  defsig_rtmem_inner.o ABSOLUTE
    ../clib/signal.c                         0x00000000   Number         0  __raise.o ABSOLUTE
    ../clib/signal.c                         0x00000000   Number         0  defsig_general.o ABSOLUTE
    ../clib/signal.c                         0x00000000   Number         0  defsig_abrt_inner.o ABSOLUTE
    ../clib/signal.c                         0x00000000   Number         0  defsig_pvfn_inner.o ABSOLUTE
    ../clib/signal.c                         0x00000000   Number         0  defsig_stak_inner.o ABSOLUTE
    ../clib/signal.c                         0x00000000   Number         0  defsig_cppl_inner.o ABSOLUTE
    ../clib/signal.c                         0x00000000   Number         0  defsig_segv_inner.o ABSOLUTE
    ../clib/signal.c                         0x00000000   Number         0  defsig_rtred_inner.o ABSOLUTE
    ../clib/signal.c                         0x00000000   Number         0  defsig_other.o ABSOLUTE
    ../clib/signal.c                         0x00000000   Number         0  defsig_fpe_inner.o ABSOLUTE
    ../clib/signal.c                         0x00000000   Number         0  defsig_rtmem_outer.o ABSOLUTE
    ../clib/signal.c                         0x00000000   Number         0  defsig_exit.o ABSOLUTE
    ../clib/signal.c                         0x00000000   Number         0  defsig_rtmem_formal.o ABSOLUTE
    ../clib/signal.s                         0x00000000   Number         0  defsig.o ABSOLUTE
    ../clib/stdlib.c                         0x00000000   Number         0  exit.o ABSOLUTE
    ../fplib/d2f.s                           0x00000000   Number         0  d2f.o ABSOLUTE
    ../fplib/ddiv.s                          0x00000000   Number         0  ddiv.o ABSOLUTE
    ../fplib/dfixu.s                         0x00000000   Number         0  dfixu.o ABSOLUTE
    ../fplib/dflt.s                          0x00000000   Number         0  dflt_clz.o ABSOLUTE
    ../fplib/dnaninf.s                       0x00000000   Number         0  dnaninf.o ABSOLUTE
    ../fplib/dretinf.s                       0x00000000   Number         0  dretinf.o ABSOLUTE
    ../fplib/f2d.s                           0x00000000   Number         0  f2d.o ABSOLUTE
    ../fplib/fnaninf.s                       0x00000000   Number         0  fnaninf.o ABSOLUTE
    ../fplib/fpinit.s                        0x00000000   Number         0  fpinit.o ABSOLUTE
    ../fplib/fretinf.s                       0x00000000   Number         0  fretinf.o ABSOLUTE
    ../fplib/usenofp.s                       0x00000000   Number         0  usenofp.o ABSOLUTE
    ADC.c                                    0x00000000   Number         0  adc.o ABSOLUTE
    ADC.c                                    0x00000000   Number         0  adc.o ABSOLUTE
    RTE\Device\TM4C123GH6PM\startup_TM4C123.s 0x00000000   Number         0  startup_tm4c123.o ABSOLUTE
    RTE\Device\TM4C123GH6PM\system_TM4C123.c 0x00000000   Number         0  system_tm4c123.o ABSOLUTE
    RTE\\Device\\TM4C123GH6PM\\system_TM4C123.c 0x00000000   Number         0  system_tm4c123.o ABSOLUTE
    SPI.c                                    0x00000000   Number         0  spi.o ABSOLUTE
    SPI.c                                    0x00000000   Number         0  spi.o ABSOLUTE
    ST7735_Driver.c                          0x00000000   Number         0  st7735_driver.o ABSOLUTE
    ST7735_Driver.c                          0x00000000   Number         0  st7735_driver.o ABSOLUTE
    Timer.c                                  0x00000000   Number         0  timer.o ABSOLUTE
    Timer.c                                  0x00000000   Number         0  timer.o ABSOLUTE
    UART.c                                   0x00000000   Number         0  uart.o ABSOLUTE
    UART.c                                   0x00000000   Number         0  uart.o ABSOLUTE
    dc.s                                     0x00000000   Number         0  dc.o ABSOLUTE
    main.c                                   0x00000000   Number         0  main.o ABSOLUTE
    main.c                                   0x00000000   Number         0  main.o ABSOLUTE
    !!!main                                  0x0000026c   Section        8  __main.o(!!!main)
    !!!scatter                               0x00000274   Section       52  __scatter.o(!!!scatter)
    !!handler_copy                           0x000002a8   Section       26  __scatter_copy.o(!!handler_copy)
    !!handler_zi                             0x000002c4   Section       28  __scatter_zi.o(!!handler_zi)
    .ARM.Collect$$libinit$$00000000          0x000002e0   Section        2  libinit.o(.ARM.Collect$$libinit$$00000000)
    .ARM.Collect$$libinit$$00000001          0x000002e2   Section        4  libinit2.o(.ARM.Collect$$libinit$$00000001)
    .ARM.Collect$$libinit$$00000004          0x000002e6   Section        0  libinit2.o(.ARM.Collect$$libinit$$00000004)
    .ARM.Collect$$libinit$$0000000A          0x000002e6   Section        0  libinit2.o(.ARM.Collect$$libinit$$0000000A)
    .ARM.Collect$$libinit$$0000000C          0x000002e6   Section        0  libinit2.o(.ARM.Collect$$libinit$$0000000C)
    .ARM.Collect$$libinit$$0000000E          0x000002e6   Section        0  libinit2.o(.ARM.Collect$$libinit$$0000000E)
    .ARM.Collect$$libinit$$00000011          0x000002e6   Section        0  libinit2.o(.ARM.Collect$$libinit$$00000011)
    .ARM.Collect$$libinit$$00000013          0x000002e6   Section        0  libinit2.o(.ARM.Collect$$libinit$$00000013)
    .ARM.Collect$$libinit$$00000015          0x000002e6   Section        0  libinit2.o(.ARM.Collect$$libinit$$00000015)
    .ARM.Collect$$libinit$$00000017          0x000002e6   Section        0  libinit2.o(.ARM.Collect$$libinit$$00000017)
    .ARM.Collect$$libinit$$00000019          0x000002e6   Section        0  libinit2.o(.ARM.Collect$$libinit$$00000019)
    .ARM.Collect$$libinit$$0000001B          0x000002e6   Section        0  libinit2.o(.ARM.Collect$$libinit$$0000001B)
    .ARM.Collect$$libinit$$0000001D          0x000002e6   Section        0  libinit2.o(.ARM.Collect$$libinit$$0000001D)
    .ARM.Collect$$libinit$$0000001F          0x000002e6   Section        0  libinit2.o(.ARM.Collect$$libinit$$0000001F)
    .ARM.Collect$$libinit$$00000021          0x000002e6   Section        0  libinit2.o(.ARM.Collect$$libinit$$00000021)
    .ARM.Collect$$libinit$$00000023          0x000002e6   Section        0  libinit2.o(.ARM.Collect$$libinit$$00000023)
    .ARM.Collect$$libinit$$00000025          0x000002e6   Section        0  libinit2.o(.ARM.Collect$$libinit$$00000025)
    .ARM.Collect$$libinit$$0000002C          0x000002e6   Section        0  libinit2.o(.ARM.Collect$$libinit$$0000002C)
    .ARM.Collect$$libinit$$0000002E          0x000002e6   Section        0  libinit2.o(.ARM.Collect$$libinit$$0000002E)
    .ARM.Collect$$libinit$$00000030          0x000002e6   Section        0  libinit2.o(.ARM.Collect$$libinit$$00000030)
    .ARM.Collect$$libinit$$00000032          0x000002e6   Section        0  libinit2.o(.ARM.Collect$$libinit$$00000032)
    .ARM.Collect$$libinit$$00000033          0x000002e6   Section        2  libinit2.o(.ARM.Collect$$libinit$$00000033)
    .ARM.Collect$$libshutdown$$00000000      0x000002e8   Section        2  libshutdown.o(.ARM.Collect$$libshutdown$$00000000)
    .ARM.Collect$$libshutdown$$00000002      0x000002ea   Section        0  libshutdown2.o(.ARM.Collect$$libshutdown$$00000002)
    .ARM.Collect$$libshutdown$$00000004      0x000002ea   Section        0  libshutdown2.o(.ARM.Collect$$libshutdown$$00000004)
    .ARM.Collect$$libshutdown$$00000006      0x000002ea   Section        0  libshutdown2.o(.ARM.Collect$$libshutdown$$00000006)
    .ARM.Collect$$libshutdown$$00000009      0x000002ea   Section        0  libshutdown2.o(.ARM.Collect$$libshutdown$$00000009)
    .ARM.Collect$$libshutdown$$0000000C      0x000002ea   Section        0  libshutdown2.o(.ARM.Collect$$libshutdown$$0000000C)
    .ARM.Collect$$libshutdown$$0000000E      0x000002ea   Section        0  libshutdown2.o(.ARM.Collect$$libshutdown$$0000000E)
    .ARM.Collect$$libshutdown$$00000011      0x000002ea   Section        0  libshutdown2.o(.ARM.Collect$$libshutdown$$00000011)
    .ARM.Collect$$libshutdown$$00000012      0x000002ea   Section        2  libshutdown2.o(.ARM.Collect$$libshutdown$$00000012)
    .ARM.Collect$$rtentry$$00000000          0x000002ec   Section        0  __rtentry.o(.ARM.Collect$$rtentry$$00000000)
    .ARM.Collect$$rtentry$$00000002          0x000002ec   Section        0  __rtentry2.o(.ARM.Collect$$rtentry$$00000002)
    .ARM.Collect$$rtentry$$00000004          0x000002ec   Section        6  __rtentry4.o(.ARM.Collect$$rtentry$$00000004)
    .ARM.Collect$$rtentry$$00000009          0x000002f2   Section        0  __rtentry2.o(.ARM.Collect$$rtentry$$00000009)
    .ARM.Collect$$rtentry$$0000000A          0x000002f2   Section        4  __rtentry2.o(.ARM.Collect$$rtentry$$0000000A)
    .ARM.Collect$$rtentry$$0000000C          0x000002f6   Section        0  __rtentry2.o(.ARM.Collect$$rtentry$$0000000C)
    .ARM.Collect$$rtentry$$0000000D          0x000002f6   Section        8  __rtentry2.o(.ARM.Collect$$rtentry$$0000000D)
    .ARM.Collect$$rtexit$$00000000           0x000002fe   Section        2  rtexit.o(.ARM.Collect$$rtexit$$00000000)
    .ARM.Collect$$rtexit$$00000002           0x00000300   Section        0  rtexit2.o(.ARM.Collect$$rtexit$$00000002)
    .ARM.Collect$$rtexit$$00000003           0x00000300   Section        4  rtexit2.o(.ARM.Collect$$rtexit$$00000003)
    .ARM.Collect$$rtexit$$00000004           0x00000304   Section        6  rtexit2.o(.ARM.Collect$$rtexit$$00000004)
    .text                                    0x0000030c   Section      276  startup_tm4c123.o(.text)
    $v0                                      0x0000030c   Number         0  startup_tm4c123.o(.text)
    .text                                    0x00000420   Section        0  heapauxi.o(.text)
    .text                                    0x00000426   Section       74  sys_stackheap_outer.o(.text)
    .text                                    0x00000470   Section        0  exit.o(.text)
    .text                                    0x00000484   Section        8  libspace.o(.text)
    .text                                    0x0000048c   Section        0  sys_exit.o(.text)
    .text                                    0x00000498   Section        2  use_no_semi.o(.text)
    .text                                    0x0000049a   Section        0  indicate_semi.o(.text)
    i.Delay                                  0x0000049a   Section        0  st7735_driver.o(i.Delay)
    i.Delay1Ms                               0x000004bc   Section        0  timer.o(i.Delay1Ms)
    i.InitADC_0                              0x00000514   Section        0  adc.o(i.InitADC_0)
    i.InitSSI_0                              0x000005f8   Section        0  spi.o(i.InitSSI_0)
    i.PlotADC                                0x00000794   Section        0  main.o(i.PlotADC)
    i.ST7735_DrawChar                        0x00000858   Section        0  st7735_driver.o(i.ST7735_DrawChar)
    i.ST7735_DrawCharS                       0x00000968   Section        0  st7735_driver.o(i.ST7735_DrawCharS)
    i.ST7735_DrawFastHLine                   0x00000a60   Section        0  st7735_driver.o(i.ST7735_DrawFastHLine)
    i.ST7735_DrawFastVLine                   0x00000adc   Section        0  st7735_driver.o(i.ST7735_DrawFastVLine)
    i.ST7735_DrawPixel                       0x00000b58   Section        0  st7735_driver.o(i.ST7735_DrawPixel)
    i.ST7735_DrawString                      0x00000ba0   Section        0  st7735_driver.o(i.ST7735_DrawString)
    i.ST7735_Drawaxes                        0x00000bf4   Section        0  st7735_driver.o(i.ST7735_Drawaxes)
    i.ST7735_FillRect                        0x00000d14   Section        0  st7735_driver.o(i.ST7735_FillRect)
    i.ST7735_PlotIncrement                   0x00000dc0   Section        0  st7735_driver.o(i.ST7735_PlotIncrement)
    i.ST7735_PlotPoint                       0x00000df8   Section        0  st7735_driver.o(i.ST7735_PlotPoint)
    i.SampleADC_0                            0x00000e44   Section        0  adc.o(i.SampleADC_0)
    i.Send2MATLAB                            0x00000e70   Section        0  main.o(i.Send2MATLAB)
    i.StandartInitCmd                        0x00000ee8   Section        0  st7735_driver.o(i.StandartInitCmd)
    i.SysTick_Handler                        0x00000f58   Section        0  adc.o(i.SysTick_Handler)
    i.SystemInit                             0x00000f88   Section        0  system_tm4c123.o(i.SystemInit)
    i.ToogleLED                              0x00001020   Section        0  main.o(i.ToogleLED)
    i.UART0Tx                                0x00001058   Section        0  uart.o(i.UART0Tx)
    i.WriteCommand                           0x0000107c   Section        0  spi.o(i.WriteCommand)
    i.WriteData                              0x000010ac   Section        0  spi.o(i.WriteData)
    i.initGPIOA                              0x000010d0   Section        0  uart.o(i.initGPIOA)
    i.initGPIOF                              0x00001120   Section        0  uart.o(i.initGPIOF)
    i.initUART0                              0x0000117c   Section        0  uart.o(i.initUART0)
    i.main                                   0x00001250   Section        0  main.o(i.main)
    i.pushColor                              0x000012f8   Section        0  st7735_driver.o(i.pushColor)
    pushColor                                0x000012f9   Thumb Code    18  st7735_driver.o(i.pushColor)
    i.setAddrWindow                          0x0000130c   Section        0  st7735_driver.o(i.setAddrWindow)
    setAddrWindow                            0x0000130d   Thumb Code   106  st7735_driver.o(i.setAddrWindow)
    x$fpl$d2f                                0x00001380   Section       98  d2f.o(x$fpl$d2f)
    $v0                                      0x00001380   Number         0  d2f.o(x$fpl$d2f)
    x$fpl$ddiv                               0x000013e4   Section      688  ddiv.o(x$fpl$ddiv)
    $v0                                      0x000013e4   Number         0  ddiv.o(x$fpl$ddiv)
    ddiv_entry                               0x000013eb   Thumb Code     0  ddiv.o(x$fpl$ddiv)
    x$fpl$dfixu                              0x00001694   Section       90  dfixu.o(x$fpl$dfixu)
    $v0                                      0x00001694   Number         0  dfixu.o(x$fpl$dfixu)
    x$fpl$dflt                               0x000016ee   Section       46  dflt_clz.o(x$fpl$dflt)
    $v0                                      0x000016ee   Number         0  dflt_clz.o(x$fpl$dflt)
    x$fpl$dnaninf                            0x0000171c   Section      156  dnaninf.o(x$fpl$dnaninf)
    $v0                                      0x0000171c   Number         0  dnaninf.o(x$fpl$dnaninf)
    x$fpl$dretinf                            0x000017b8   Section       12  dretinf.o(x$fpl$dretinf)
    $v0                                      0x000017b8   Number         0  dretinf.o(x$fpl$dretinf)
    x$fpl$f2d                                0x000017c4   Section       86  f2d.o(x$fpl$f2d)
    $v0                                      0x000017c4   Number         0  f2d.o(x$fpl$f2d)
    x$fpl$fnaninf                            0x0000181a   Section      140  fnaninf.o(x$fpl$fnaninf)
    $v0                                      0x0000181a   Number         0  fnaninf.o(x$fpl$fnaninf)
    x$fpl$fpinit                             0x000018a6   Section       10  fpinit.o(x$fpl$fpinit)
    $v0                                      0x000018a6   Number         0  fpinit.o(x$fpl$fpinit)
    x$fpl$fretinf                            0x000018b0   Section       10  fretinf.o(x$fpl$fretinf)
    $v0                                      0x000018b0   Number         0  fretinf.o(x$fpl$fretinf)
    .constdata                               0x000018ba   Section     2114  st7735_driver.o(.constdata)
    x$fpl$usenofp                            0x000018ba   Section        0  usenofp.o(x$fpl$usenofp)
    Font                                     0x000018ba   Data        1275  st7735_driver.o(.constdata)
    Bcmd                                     0x00001db5   Data         103  st7735_driver.o(.constdata)
    Rcmd1                                    0x00001e1c   Data          59  st7735_driver.o(.constdata)
    Rcmd2green                               0x00001e57   Data          13  st7735_driver.o(.constdata)
    Rcmd2ST7735_RED                          0x00001e64   Data          13  st7735_driver.o(.constdata)
    Rcmd3                                    0x00001e71   Data          43  st7735_driver.o(.constdata)
    .data                                    0x20000000   Section       52  st7735_driver.o(.data)
    ColStart                                 0x20000000   Data           1  st7735_driver.o(.data)
    RowStart                                 0x20000001   Data           1  st7735_driver.o(.data)
    Rotation                                 0x20000002   Data           1  st7735_driver.o(.data)
    TabColor                                 0x20000003   Data           1  st7735_driver.o(.data)
    _width                                   0x20000004   Data           2  st7735_driver.o(.data)
    _height                                  0x20000006   Data           2  st7735_driver.o(.data)
    .data                                    0x20000034   Section        8  adc.o(.data)
    .data                                    0x2000003c   Section       12  main.o(.data)
    ColStart                                 0x2000003c   Data           1  main.o(.data)
    RowStart                                 0x2000003d   Data           1  main.o(.data)
    Rotation                                 0x2000003e   Data           1  main.o(.data)
    TabColor                                 0x2000003f   Data           1  main.o(.data)
    _width                                   0x20000040   Data           2  main.o(.data)
    _height                                  0x20000042   Data           2  main.o(.data)
    .bss                                     0x20000048   Section       96  libspace.o(.bss)
    HEAP                                     0x200000a8   Section        0  startup_tm4c123.o(HEAP)
    STACK                                    0x200000a8   Section      512  startup_tm4c123.o(STACK)
    Heap_Mem                                 0x200000a8   Data           0  startup_tm4c123.o(HEAP)
    Stack_Mem                                0x200000a8   Data         512  startup_tm4c123.o(STACK)
    __initial_sp                             0x200002a8   Data           0  startup_tm4c123.o(STACK)

    Global Symbols

    Symbol Name                              Value     Ov Type        Size  Object(Section)

    BuildAttributes$$THM_ISAv4$E$P$D$K$B$S$7EM$VFPi3$EXTD16$VFPS$VFMA$PE$A:L22UL41UL21$X:L11$S22US41US21$IEEE1$IW$USESV6$~STKCKD$USESV7$~SHL$OSPACE$ROPI$EBA8$UX$STANDARDLIB$REQ8$PRES8$EABIv2 0x00000000   Number         0  anon$$obj.o ABSOLUTE
    __ARM_use_no_argv                        0x00000000   Number         0  main.o ABSOLUTE
    __Vectors                                0x00000000   Data           4  startup_tm4c123.o(RESET)
    __ARM_exceptions_init                     - Undefined Weak Reference
    __alloca_initialize                       - Undefined Weak Reference
    __arm_fini_                               - Undefined Weak Reference
    __arm_preinit_                            - Undefined Weak Reference
    __cpp_initialize__aeabi_                  - Undefined Weak Reference
    __cxa_finalize                            - Undefined Weak Reference
    __rt_locale                               - Undefined Weak Reference
    __sigvec_lookup                           - Undefined Weak Reference
    _atexit_init                              - Undefined Weak Reference
    _call_atexit_fns                          - Undefined Weak Reference
    _clock_init                               - Undefined Weak Reference
    _fp_trap_init                             - Undefined Weak Reference
    _fp_trap_shutdown                         - Undefined Weak Reference
    _get_lc_collate                           - Undefined Weak Reference
    _get_lc_ctype                             - Undefined Weak Reference
    _get_lc_monetary                          - Undefined Weak Reference
    _get_lc_numeric                           - Undefined Weak Reference
    _get_lc_time                              - Undefined Weak Reference
    _getenv_init                              - Undefined Weak Reference
    _handle_redirection                       - Undefined Weak Reference
    _init_alloc                               - Undefined Weak Reference
    _init_user_alloc                          - Undefined Weak Reference
    _initio                                   - Undefined Weak Reference
    _rand_init                                - Undefined Weak Reference
    _signal_finish                            - Undefined Weak Reference
    _signal_init                              - Undefined Weak Reference
    _terminate_alloc                          - Undefined Weak Reference
    _terminate_user_alloc                     - Undefined Weak Reference
    _terminateio                              - Undefined Weak Reference
    __Vectors_End                            0x0000026c   Data           0  startup_tm4c123.o(RESET)
    __Vectors_Size                           0x0000026c   Number         0  startup_tm4c123.o ABSOLUTE
    __main                                   0x0000026d   Thumb Code     8  __main.o(!!!main)
    __scatterload                            0x00000275   Thumb Code     0  __scatter.o(!!!scatter)
    __scatterload_rt2                        0x00000275   Thumb Code    44  __scatter.o(!!!scatter)
    __scatterload_rt2_thumb_only             0x00000275   Thumb Code     0  __scatter.o(!!!scatter)
    __scatterload_null                       0x00000283   Thumb Code     0  __scatter.o(!!!scatter)
    __scatterload_copy                       0x000002a9   Thumb Code    26  __scatter_copy.o(!!handler_copy)
    __scatterload_zeroinit                   0x000002c5   Thumb Code    28  __scatter_zi.o(!!handler_zi)
    __rt_lib_init                            0x000002e1   Thumb Code     0  libinit.o(.ARM.Collect$$libinit$$00000000)
    __rt_lib_init_fp_1                       0x000002e3   Thumb Code     0  libinit2.o(.ARM.Collect$$libinit$$00000001)
    __rt_lib_init_alloca_1                   0x000002e7   Thumb Code     0  libinit2.o(.ARM.Collect$$libinit$$0000002E)
    __rt_lib_init_argv_1                     0x000002e7   Thumb Code     0  libinit2.o(.ARM.Collect$$libinit$$0000002C)
    __rt_lib_init_atexit_1                   0x000002e7   Thumb Code     0  libinit2.o(.ARM.Collect$$libinit$$0000001B)
    __rt_lib_init_clock_1                    0x000002e7   Thumb Code     0  libinit2.o(.ARM.Collect$$libinit$$00000021)
    __rt_lib_init_cpp_1                      0x000002e7   Thumb Code     0  libinit2.o(.ARM.Collect$$libinit$$00000032)
    __rt_lib_init_exceptions_1               0x000002e7   Thumb Code     0  libinit2.o(.ARM.Collect$$libinit$$00000030)
    __rt_lib_init_fp_trap_1                  0x000002e7   Thumb Code     0  libinit2.o(.ARM.Collect$$libinit$$0000001F)
    __rt_lib_init_getenv_1                   0x000002e7   Thumb Code     0  libinit2.o(.ARM.Collect$$libinit$$00000023)
    __rt_lib_init_heap_1                     0x000002e7   Thumb Code     0  libinit2.o(.ARM.Collect$$libinit$$0000000A)
    __rt_lib_init_lc_collate_1               0x000002e7   Thumb Code     0  libinit2.o(.ARM.Collect$$libinit$$00000011)
    __rt_lib_init_lc_ctype_1                 0x000002e7   Thumb Code     0  libinit2.o(.ARM.Collect$$libinit$$00000013)
    __rt_lib_init_lc_monetary_1              0x000002e7   Thumb Code     0  libinit2.o(.ARM.Collect$$libinit$$00000015)
    __rt_lib_init_lc_numeric_1               0x000002e7   Thumb Code     0  libinit2.o(.ARM.Collect$$libinit$$00000017)
    __rt_lib_init_lc_time_1                  0x000002e7   Thumb Code     0  libinit2.o(.ARM.Collect$$libinit$$00000019)
    __rt_lib_init_preinit_1                  0x000002e7   Thumb Code     0  libinit2.o(.ARM.Collect$$libinit$$00000004)
    __rt_lib_init_rand_1                     0x000002e7   Thumb Code     0  libinit2.o(.ARM.Collect$$libinit$$0000000E)
    __rt_lib_init_return                     0x000002e7   Thumb Code     0  libinit2.o(.ARM.Collect$$libinit$$00000033)
    __rt_lib_init_signal_1                   0x000002e7   Thumb Code     0  libinit2.o(.ARM.Collect$$libinit$$0000001D)
    __rt_lib_init_stdio_1                    0x000002e7   Thumb Code     0  libinit2.o(.ARM.Collect$$libinit$$00000025)
    __rt_lib_init_user_alloc_1               0x000002e7   Thumb Code     0  libinit2.o(.ARM.Collect$$libinit$$0000000C)
    __rt_lib_shutdown                        0x000002e9   Thumb Code     0  libshutdown.o(.ARM.Collect$$libshutdown$$00000000)
    __rt_lib_shutdown_cpp_1                  0x000002eb   Thumb Code     0  libshutdown2.o(.ARM.Collect$$libshutdown$$00000004)
    __rt_lib_shutdown_fini_1                 0x000002eb   Thumb Code     0  libshutdown2.o(.ARM.Collect$$libshutdown$$00000002)
    __rt_lib_shutdown_fp_trap_1              0x000002eb   Thumb Code     0  libshutdown2.o(.ARM.Collect$$libshutdown$$00000009)
    __rt_lib_shutdown_heap_1                 0x000002eb   Thumb Code     0  libshutdown2.o(.ARM.Collect$$libshutdown$$00000011)
    __rt_lib_shutdown_return                 0x000002eb   Thumb Code     0  libshutdown2.o(.ARM.Collect$$libshutdown$$00000012)
    __rt_lib_shutdown_signal_1               0x000002eb   Thumb Code     0  libshutdown2.o(.ARM.Collect$$libshutdown$$0000000C)
    __rt_lib_shutdown_stdio_1                0x000002eb   Thumb Code     0  libshutdown2.o(.ARM.Collect$$libshutdown$$00000006)
    __rt_lib_shutdown_user_alloc_1           0x000002eb   Thumb Code     0  libshutdown2.o(.ARM.Collect$$libshutdown$$0000000E)
    __rt_entry                               0x000002ed   Thumb Code     0  __rtentry.o(.ARM.Collect$$rtentry$$00000000)
    __rt_entry_presh_1                       0x000002ed   Thumb Code     0  __rtentry2.o(.ARM.Collect$$rtentry$$00000002)
    __rt_entry_sh                            0x000002ed   Thumb Code     0  __rtentry4.o(.ARM.Collect$$rtentry$$00000004)
    __rt_entry_li                            0x000002f3   Thumb Code     0  __rtentry2.o(.ARM.Collect$$rtentry$$0000000A)
    __rt_entry_postsh_1                      0x000002f3   Thumb Code     0  __rtentry2.o(.ARM.Collect$$rtentry$$00000009)
    __rt_entry_main                          0x000002f7   Thumb Code     0  __rtentry2.o(.ARM.Collect$$rtentry$$0000000D)
    __rt_entry_postli_1                      0x000002f7   Thumb Code     0  __rtentry2.o(.ARM.Collect$$rtentry$$0000000C)
    __rt_exit                                0x000002ff   Thumb Code     0  rtexit.o(.ARM.Collect$$rtexit$$00000000)
    __rt_exit_ls                             0x00000301   Thumb Code     0  rtexit2.o(.ARM.Collect$$rtexit$$00000003)
    __rt_exit_prels_1                        0x00000301   Thumb Code     0  rtexit2.o(.ARM.Collect$$rtexit$$00000002)
    __rt_exit_exit                           0x00000305   Thumb Code     0  rtexit2.o(.ARM.Collect$$rtexit$$00000004)
    Reset_Handler                            0x0000030d   Thumb Code     8  startup_tm4c123.o(.text)
    NMI_Handler                              0x00000315   Thumb Code     2  startup_tm4c123.o(.text)
    HardFault_Handler                        0x00000317   Thumb Code     2  startup_tm4c123.o(.text)
    MemManage_Handler                        0x00000319   Thumb Code     2  startup_tm4c123.o(.text)
    BusFault_Handler                         0x0000031b   Thumb Code     2  startup_tm4c123.o(.text)
    UsageFault_Handler                       0x0000031d   Thumb Code     2  startup_tm4c123.o(.text)
    SVC_Handler                              0x0000031f   Thumb Code     2  startup_tm4c123.o(.text)
    DebugMon_Handler                         0x00000321   Thumb Code     2  startup_tm4c123.o(.text)
    PendSV_Handler                           0x00000323   Thumb Code     2  startup_tm4c123.o(.text)
    GPIOA_Handler                            0x00000327   Thumb Code     2  startup_tm4c123.o(.text)
    GPIOB_Handler                            0x00000329   Thumb Code     2  startup_tm4c123.o(.text)
    GPIOC_Handler                            0x0000032b   Thumb Code     2  startup_tm4c123.o(.text)
    GPIOD_Handler                            0x0000032d   Thumb Code     2  startup_tm4c123.o(.text)
    GPIOE_Handler                            0x0000032f   Thumb Code     2  startup_tm4c123.o(.text)
    UART0_Handler                            0x00000331   Thumb Code     2  startup_tm4c123.o(.text)
    UART1_Handler                            0x00000333   Thumb Code     2  startup_tm4c123.o(.text)
    SSI0_Handler                             0x00000335   Thumb Code     2  startup_tm4c123.o(.text)
    I2C0_Handler                             0x00000337   Thumb Code     2  startup_tm4c123.o(.text)
    PMW0_FAULT_Handler                       0x00000339   Thumb Code     2  startup_tm4c123.o(.text)
    PWM0_0_Handler                           0x0000033b   Thumb Code     2  startup_tm4c123.o(.text)
    PWM0_1_Handler                           0x0000033d   Thumb Code     2  startup_tm4c123.o(.text)
    PWM0_2_Handler                           0x0000033f   Thumb Code     2  startup_tm4c123.o(.text)
    QEI0_Handler                             0x00000341   Thumb Code     2  startup_tm4c123.o(.text)
    ADC0SS0_Handler                          0x00000343   Thumb Code     2  startup_tm4c123.o(.text)
    ADC0SS1_Handler                          0x00000345   Thumb Code     2  startup_tm4c123.o(.text)
    ADC0SS2_Handler                          0x00000347   Thumb Code     2  startup_tm4c123.o(.text)
    ADC0SS3_Handler                          0x00000349   Thumb Code     2  startup_tm4c123.o(.text)
    WDT0_Handler                             0x0000034b   Thumb Code     2  startup_tm4c123.o(.text)
    TIMER0A_Handler                          0x0000034d   Thumb Code     2  startup_tm4c123.o(.text)
    TIMER0B_Handler                          0x0000034f   Thumb Code     2  startup_tm4c123.o(.text)
    TIMER1A_Handler                          0x00000351   Thumb Code     2  startup_tm4c123.o(.text)
    TIMER1B_Handler                          0x00000353   Thumb Code     2  startup_tm4c123.o(.text)
    TIMER2A_Handler                          0x00000355   Thumb Code     2  startup_tm4c123.o(.text)
    TIMER2B_Handler                          0x00000357   Thumb Code     2  startup_tm4c123.o(.text)
    COMP0_Handler                            0x00000359   Thumb Code     2  startup_tm4c123.o(.text)
    COMP1_Handler                            0x0000035b   Thumb Code     2  startup_tm4c123.o(.text)
    COMP2_Handler                            0x0000035d   Thumb Code     2  startup_tm4c123.o(.text)
    SYSCTL_Handler                           0x0000035f   Thumb Code     2  startup_tm4c123.o(.text)
    FLASH_Handler                            0x00000361   Thumb Code     2  startup_tm4c123.o(.text)
    GPIOF_Handler                            0x00000363   Thumb Code     2  startup_tm4c123.o(.text)
    GPIOG_Handler                            0x00000365   Thumb Code     2  startup_tm4c123.o(.text)
    GPIOH_Handler                            0x00000367   Thumb Code     2  startup_tm4c123.o(.text)
    UART2_Handler                            0x00000369   Thumb Code     2  startup_tm4c123.o(.text)
    SSI1_Handler                             0x0000036b   Thumb Code     2  startup_tm4c123.o(.text)
    TIMER3A_Handler                          0x0000036d   Thumb Code     2  startup_tm4c123.o(.text)
    TIMER3B_Handler                          0x0000036f   Thumb Code     2  startup_tm4c123.o(.text)
    I2C1_Handler                             0x00000371   Thumb Code     2  startup_tm4c123.o(.text)
    QEI1_Handler                             0x00000373   Thumb Code     2  startup_tm4c123.o(.text)
    CAN0_Handler                             0x00000375   Thumb Code     2  startup_tm4c123.o(.text)
    CAN1_Handler                             0x00000377   Thumb Code     2  startup_tm4c123.o(.text)
    CAN2_Handler                             0x00000379   Thumb Code     2  startup_tm4c123.o(.text)
    HIB_Handler                              0x0000037b   Thumb Code     2  startup_tm4c123.o(.text)
    USB0_Handler                             0x0000037d   Thumb Code     2  startup_tm4c123.o(.text)
    PWM0_3_Handler                           0x0000037f   Thumb Code     2  startup_tm4c123.o(.text)
    UDMA_Handler                             0x00000381   Thumb Code     2  startup_tm4c123.o(.text)
    UDMAERR_Handler                          0x00000383   Thumb Code     2  startup_tm4c123.o(.text)
    ADC1SS0_Handler                          0x00000385   Thumb Code     2  startup_tm4c123.o(.text)
    ADC1SS1_Handler                          0x00000387   Thumb Code     2  startup_tm4c123.o(.text)
    ADC1SS2_Handler                          0x00000389   Thumb Code     2  startup_tm4c123.o(.text)
    ADC1SS3_Handler                          0x0000038b   Thumb Code     2  startup_tm4c123.o(.text)
    GPIOJ_Handler                            0x0000038d   Thumb Code     2  startup_tm4c123.o(.text)
    GPIOK_Handler                            0x0000038f   Thumb Code     2  startup_tm4c123.o(.text)
    GPIOL_Handler                            0x00000391   Thumb Code     2  startup_tm4c123.o(.text)
    SSI2_Handler                             0x00000393   Thumb Code     2  startup_tm4c123.o(.text)
    SSI3_Handler                             0x00000395   Thumb Code     2  startup_tm4c123.o(.text)
    UART3_Handler                            0x00000397   Thumb Code     2  startup_tm4c123.o(.text)
    UART4_Handler                            0x00000399   Thumb Code     2  startup_tm4c123.o(.text)
    UART5_Handler                            0x0000039b   Thumb Code     2  startup_tm4c123.o(.text)
    UART6_Handler                            0x0000039d   Thumb Code     2  startup_tm4c123.o(.text)
    UART7_Handler                            0x0000039f   Thumb Code     2  startup_tm4c123.o(.text)
    I2C2_Handler                             0x000003a1   Thumb Code     2  startup_tm4c123.o(.text)
    I2C3_Handler                             0x000003a3   Thumb Code     2  startup_tm4c123.o(.text)
    TIMER4A_Handler                          0x000003a5   Thumb Code     2  startup_tm4c123.o(.text)
    TIMER4B_Handler                          0x000003a7   Thumb Code     2  startup_tm4c123.o(.text)
    TIMER5A_Handler                          0x000003a9   Thumb Code     2  startup_tm4c123.o(.text)
    TIMER5B_Handler                          0x000003ab   Thumb Code     2  startup_tm4c123.o(.text)
    WTIMER0A_Handler                         0x000003ad   Thumb Code     2  startup_tm4c123.o(.text)
    WTIMER0B_Handler                         0x000003af   Thumb Code     2  startup_tm4c123.o(.text)
    WTIMER1A_Handler                         0x000003b1   Thumb Code     2  startup_tm4c123.o(.text)
    WTIMER1B_Handler                         0x000003b3   Thumb Code     2  startup_tm4c123.o(.text)
    WTIMER2A_Handler                         0x000003b5   Thumb Code     2  startup_tm4c123.o(.text)
    WTIMER2B_Handler                         0x000003b7   Thumb Code     2  startup_tm4c123.o(.text)
    WTIMER3A_Handler                         0x000003b9   Thumb Code     2  startup_tm4c123.o(.text)
    WTIMER3B_Handler                         0x000003bb   Thumb Code     2  startup_tm4c123.o(.text)
    WTIMER4A_Handler                         0x000003bd   Thumb Code     2  startup_tm4c123.o(.text)
    WTIMER4B_Handler                         0x000003bf   Thumb Code     2  startup_tm4c123.o(.text)
    WTIMER5A_Handler                         0x000003c1   Thumb Code     2  startup_tm4c123.o(.text)
    WTIMER5B_Handler                         0x000003c3   Thumb Code     2  startup_tm4c123.o(.text)
    FPU_Handler                              0x000003c5   Thumb Code     2  startup_tm4c123.o(.text)
    I2C4_Handler                             0x000003c7   Thumb Code     2  startup_tm4c123.o(.text)
    I2C5_Handler                             0x000003c9   Thumb Code     2  startup_tm4c123.o(.text)
    GPIOM_Handler                            0x000003cb   Thumb Code     2  startup_tm4c123.o(.text)
    GPION_Handler                            0x000003cd   Thumb Code     2  startup_tm4c123.o(.text)
    QEI2_Handler                             0x000003cf   Thumb Code     2  startup_tm4c123.o(.text)
    GPIOP0_Handler                           0x000003d1   Thumb Code     2  startup_tm4c123.o(.text)
    GPIOP1_Handler                           0x000003d3   Thumb Code     2  startup_tm4c123.o(.text)
    GPIOP2_Handler                           0x000003d5   Thumb Code     2  startup_tm4c123.o(.text)
    GPIOP3_Handler                           0x000003d7   Thumb Code     2  startup_tm4c123.o(.text)
    GPIOP4_Handler                           0x000003d9   Thumb Code     2  startup_tm4c123.o(.text)
    GPIOP5_Handler                           0x000003db   Thumb Code     2  startup_tm4c123.o(.text)
    GPIOP6_Handler                           0x000003dd   Thumb Code     2  startup_tm4c123.o(.text)
    GPIOP7_Handler                           0x000003df   Thumb Code     2  startup_tm4c123.o(.text)
    GPIOQ0_Handler                           0x000003e1   Thumb Code     2  startup_tm4c123.o(.text)
    GPIOQ1_Handler                           0x000003e3   Thumb Code     2  startup_tm4c123.o(.text)
    GPIOQ2_Handler                           0x000003e5   Thumb Code     2  startup_tm4c123.o(.text)
    GPIOQ3_Handler                           0x000003e7   Thumb Code     2  startup_tm4c123.o(.text)
    GPIOQ4_Handler                           0x000003e9   Thumb Code     2  startup_tm4c123.o(.text)
    GPIOQ5_Handler                           0x000003eb   Thumb Code     2  startup_tm4c123.o(.text)
    GPIOQ6_Handler                           0x000003ed   Thumb Code     2  startup_tm4c123.o(.text)
    GPIOQ7_Handler                           0x000003ef   Thumb Code     2  startup_tm4c123.o(.text)
    GPIOR_Handler                            0x000003f1   Thumb Code     2  startup_tm4c123.o(.text)
    GPIOS_Handler                            0x000003f3   Thumb Code     2  startup_tm4c123.o(.text)
    PMW1_0_Handler                           0x000003f5   Thumb Code     2  startup_tm4c123.o(.text)
    PWM1_1_Handler                           0x000003f7   Thumb Code     2  startup_tm4c123.o(.text)
    PWM1_2_Handler                           0x000003f9   Thumb Code     2  startup_tm4c123.o(.text)
    PWM1_3_Handler                           0x000003fb   Thumb Code     2  startup_tm4c123.o(.text)
    PWM1_FAULT_Handler                       0x000003fd   Thumb Code     2  startup_tm4c123.o(.text)
    __user_initial_stackheap                 0x00000401   Thumb Code     0  startup_tm4c123.o(.text)
    __use_two_region_memory                  0x00000421   Thumb Code     2  heapauxi.o(.text)
    __rt_heap_escrow$2region                 0x00000423   Thumb Code     2  heapauxi.o(.text)
    __rt_heap_expand$2region                 0x00000425   Thumb Code     2  heapauxi.o(.text)
    __user_setup_stackheap                   0x00000427   Thumb Code    74  sys_stackheap_outer.o(.text)
    exit                                     0x00000471   Thumb Code    18  exit.o(.text)
    __user_libspace                          0x00000485   Thumb Code     8  libspace.o(.text)
    __user_perproc_libspace                  0x00000485   Thumb Code     0  libspace.o(.text)
    __user_perthread_libspace                0x00000485   Thumb Code     0  libspace.o(.text)
    _sys_exit                                0x0000048d   Thumb Code     8  sys_exit.o(.text)
    __I$use$semihosting                      0x00000499   Thumb Code     0  use_no_semi.o(.text)
    __use_no_semihosting_swi                 0x00000499   Thumb Code     2  use_no_semi.o(.text)
    Delay                                    0x0000049b   Thumb Code    32  st7735_driver.o(i.Delay)
    __semihosting_library_function           0x0000049b   Thumb Code     0  indicate_semi.o(.text)
    Delay1Ms                                 0x000004bd   Thumb Code    76  timer.o(i.Delay1Ms)
    InitADC_0                                0x00000515   Thumb Code   208  adc.o(i.InitADC_0)
    InitSSI_0                                0x000005f9   Thumb Code   376  spi.o(i.InitSSI_0)
    PlotADC                                  0x00000795   Thumb Code   194  main.o(i.PlotADC)
    ST7735_DrawChar                          0x00000859   Thumb Code   260  st7735_driver.o(i.ST7735_DrawChar)
    ST7735_DrawCharS                         0x00000969   Thumb Code   236  st7735_driver.o(i.ST7735_DrawCharS)
    ST7735_DrawFastHLine                     0x00000a61   Thumb Code   116  st7735_driver.o(i.ST7735_DrawFastHLine)
    ST7735_DrawFastVLine                     0x00000add   Thumb Code   116  st7735_driver.o(i.ST7735_DrawFastVLine)
    ST7735_DrawPixel                         0x00000b59   Thumb Code    64  st7735_driver.o(i.ST7735_DrawPixel)
    ST7735_DrawString                        0x00000ba1   Thumb Code    84  st7735_driver.o(i.ST7735_DrawString)
    ST7735_Drawaxes                          0x00000bf5   Thumb Code   266  st7735_driver.o(i.ST7735_Drawaxes)
    ST7735_FillRect                          0x00000d15   Thumb Code   164  st7735_driver.o(i.ST7735_FillRect)
    ST7735_PlotIncrement                     0x00000dc1   Thumb Code    46  st7735_driver.o(i.ST7735_PlotIncrement)
    ST7735_PlotPoint                         0x00000df9   Thumb Code    62  st7735_driver.o(i.ST7735_PlotPoint)
    SampleADC_0                              0x00000e45   Thumb Code    38  adc.o(i.SampleADC_0)
    Send2MATLAB                              0x00000e71   Thumb Code   100  main.o(i.Send2MATLAB)
    StandartInitCmd                          0x00000ee9   Thumb Code   108  st7735_driver.o(i.StandartInitCmd)
    SysTick_Handler                          0x00000f59   Thumb Code    32  adc.o(i.SysTick_Handler)
    SystemInit                               0x00000f89   Thumb Code   112  system_tm4c123.o(i.SystemInit)
    ToogleLED                                0x00001021   Thumb Code    52  main.o(i.ToogleLED)
    UART0Tx                                  0x00001059   Thumb Code    30  uart.o(i.UART0Tx)
    WriteCommand                             0x0000107d   Thumb Code    40  spi.o(i.WriteCommand)
    WriteData                                0x000010ad   Thumb Code    26  spi.o(i.WriteData)
    initGPIOA                                0x000010d1   Thumb Code    72  uart.o(i.initGPIOA)
    initGPIOF                                0x00001121   Thumb Code    76  uart.o(i.initGPIOF)
    initUART0                                0x0000117d   Thumb Code   186  uart.o(i.initUART0)
    main                                     0x00001251   Thumb Code   132  main.o(i.main)
    __aeabi_d2f                              0x00001381   Thumb Code     0  d2f.o(x$fpl$d2f)
    _d2f                                     0x00001381   Thumb Code    98  d2f.o(x$fpl$d2f)
    __aeabi_ddiv                             0x000013e5   Thumb Code     0  ddiv.o(x$fpl$ddiv)
    _ddiv                                    0x000013e5   Thumb Code   552  ddiv.o(x$fpl$ddiv)
    __aeabi_d2uiz                            0x00001695   Thumb Code     0  dfixu.o(x$fpl$dfixu)
    _dfixu                                   0x00001695   Thumb Code    90  dfixu.o(x$fpl$dfixu)
    __aeabi_i2d                              0x000016ef   Thumb Code     0  dflt_clz.o(x$fpl$dflt)
    _dflt                                    0x000016ef   Thumb Code    46  dflt_clz.o(x$fpl$dflt)
    __fpl_dnaninf                            0x0000171d   Thumb Code   156  dnaninf.o(x$fpl$dnaninf)
    __fpl_dretinf                            0x000017b9   Thumb Code    12  dretinf.o(x$fpl$dretinf)
    __aeabi_f2d                              0x000017c5   Thumb Code     0  f2d.o(x$fpl$f2d)
    _f2d                                     0x000017c5   Thumb Code    86  f2d.o(x$fpl$f2d)
    __fpl_fnaninf                            0x0000181b   Thumb Code   140  fnaninf.o(x$fpl$fnaninf)
    _fp_init                                 0x000018a7   Thumb Code    10  fpinit.o(x$fpl$fpinit)
    __fplib_config_fpu_vfp                   0x000018af   Thumb Code     0  fpinit.o(x$fpl$fpinit)
    __fplib_config_pureend_doubles           0x000018af   Thumb Code     0  fpinit.o(x$fpl$fpinit)
    __fpl_fretinf                            0x000018b1   Thumb Code    10  fretinf.o(x$fpl$fretinf)
    __I$use$fp                               0x000018ba   Number         0  usenofp.o(x$fpl$usenofp)
    smallCircle                              0x00001e9c   Data          36  st7735_driver.o(.constdata)
    circle                                   0x00001ec0   Data          60  st7735_driver.o(.constdata)
    dBfs                                     0x00001efc   Data         512  st7735_driver.o(.constdata)
    Region$$Table$$Base                      0x000020fc   Number         0  anon$$obj.o(Region$$Table)
    Region$$Table$$Limit                     0x0000211c   Number         0  anon$$obj.o(Region$$Table)
    StX                                      0x20000008   Data           4  st7735_driver.o(.data)
    StY                                      0x2000000c   Data           4  st7735_driver.o(.data)
    StTextColor                              0x20000010   Data           2  st7735_driver.o(.data)
    Ymax                                     0x20000014   Data           4  st7735_driver.o(.data)
    Ymin                                     0x20000018   Data           4  st7735_driver.o(.data)
    X                                        0x2000001c   Data           4  st7735_driver.o(.data)
    Yrange                                   0x20000020   Data           4  st7735_driver.o(.data)
    TimeIndex                                0x20000024   Data           4  st7735_driver.o(.data)
    PlotBGColor                              0x20000028   Data           2  st7735_driver.o(.data)
    lastj                                    0x2000002c   Data           4  st7735_driver.o(.data)
    Messageindex                             0x20000030   Data           4  st7735_driver.o(.data)
    Data                                     0x20000034   Data           4  adc.o(.data)
    Flag                                     0x20000038   Data           4  adc.o(.data)
    AnalogIn                                 0x20000044   Data           4  main.o(.data)
    __libspace_start                         0x20000048   Data          96  libspace.o(.bss)
    __temporary_stack_top$libspace           0x200000a8   Data           0  libspace.o(.bss)



==============================================================================

Memory Map of the image

  Image Entry point : 0x0000030d

  Load Region LR_1 (Base: 0x00000000, Size: 0x00002164, Max: 0xffffffff, ABSOLUTE)

    Execution Region ER_RO (Exec base: 0x00000000, Load base: 0x00000000, Size: 0x0000211c, Max: 0xffffffff, ABSOLUTE)

    Exec Addr    Load Addr    Size         Type   Attr      Idx    E Section Name        Object

    0x00000000   0x00000000   0x0000026c   Data   RO          652    RESET               startup_tm4c123.o
    0x0000026c   0x0000026c   0x00000008   Code   RO          702  * !!!main             c_w.l(__main.o)
    0x00000274   0x00000274   0x00000034   Code   RO          888    !!!scatter          c_w.l(__scatter.o)
    0x000002a8   0x000002a8   0x0000001a   Code   RO          890    !!handler_copy      c_w.l(__scatter_copy.o)
    0x000002c2   0x000002c2   0x00000002   PAD
    0x000002c4   0x000002c4   0x0000001c   Code   RO          892    !!handler_zi        c_w.l(__scatter_zi.o)
    0x000002e0   0x000002e0   0x00000002   Code   RO          756    .ARM.Collect$$libinit$$00000000  c_w.l(libinit.o)
    0x000002e2   0x000002e2   0x00000004   Code   RO          762    .ARM.Collect$$libinit$$00000001  c_w.l(libinit2.o)
    0x000002e6   0x000002e6   0x00000000   Code   RO          765    .ARM.Collect$$libinit$$00000004  c_w.l(libinit2.o)
    0x000002e6   0x000002e6   0x00000000   Code   RO          768    .ARM.Collect$$libinit$$0000000A  c_w.l(libinit2.o)
    0x000002e6   0x000002e6   0x00000000   Code   RO          770    .ARM.Collect$$libinit$$0000000C  c_w.l(libinit2.o)
    0x000002e6   0x000002e6   0x00000000   Code   RO          772    .ARM.Collect$$libinit$$0000000E  c_w.l(libinit2.o)
    0x000002e6   0x000002e6   0x00000000   Code   RO          775    .ARM.Collect$$libinit$$00000011  c_w.l(libinit2.o)
    0x000002e6   0x000002e6   0x00000000   Code   RO          777    .ARM.Collect$$libinit$$00000013  c_w.l(libinit2.o)
    0x000002e6   0x000002e6   0x00000000   Code   RO          779    .ARM.Collect$$libinit$$00000015  c_w.l(libinit2.o)
    0x000002e6   0x000002e6   0x00000000   Code   RO          781    .ARM.Collect$$libinit$$00000017  c_w.l(libinit2.o)
    0x000002e6   0x000002e6   0x00000000   Code   RO          783    .ARM.Collect$$libinit$$00000019  c_w.l(libinit2.o)
    0x000002e6   0x000002e6   0x00000000   Code   RO          785    .ARM.Collect$$libinit$$0000001B  c_w.l(libinit2.o)
    0x000002e6   0x000002e6   0x00000000   Code   RO          787    .ARM.Collect$$libinit$$0000001D  c_w.l(libinit2.o)
    0x000002e6   0x000002e6   0x00000000   Code   RO          789    .ARM.Collect$$libinit$$0000001F  c_w.l(libinit2.o)
    0x000002e6   0x000002e6   0x00000000   Code   RO          791    .ARM.Collect$$libinit$$00000021  c_w.l(libinit2.o)
    0x000002e6   0x000002e6   0x00000000   Code   RO          793    .ARM.Collect$$libinit$$00000023  c_w.l(libinit2.o)
    0x000002e6   0x000002e6   0x00000000   Code   RO          795    .ARM.Collect$$libinit$$00000025  c_w.l(libinit2.o)
    0x000002e6   0x000002e6   0x00000000   Code   RO          799    .ARM.Collect$$libinit$$0000002C  c_w.l(libinit2.o)
    0x000002e6   0x000002e6   0x00000000   Code   RO          801    .ARM.Collect$$libinit$$0000002E  c_w.l(libinit2.o)
    0x000002e6   0x000002e6   0x00000000   Code   RO          803    .ARM.Collect$$libinit$$00000030  c_w.l(libinit2.o)
    0x000002e6   0x000002e6   0x00000000   Code   RO          805    .ARM.Collect$$libinit$$00000032  c_w.l(libinit2.o)
    0x000002e6   0x000002e6   0x00000002   Code   RO          806    .ARM.Collect$$libinit$$00000033  c_w.l(libinit2.o)
    0x000002e8   0x000002e8   0x00000002   Code   RO          826    .ARM.Collect$$libshutdown$$00000000  c_w.l(libshutdown.o)
    0x000002ea   0x000002ea   0x00000000   Code   RO          839    .ARM.Collect$$libshutdown$$00000002  c_w.l(libshutdown2.o)
    0x000002ea   0x000002ea   0x00000000   Code   RO          841    .ARM.Collect$$libshutdown$$00000004  c_w.l(libshutdown2.o)
    0x000002ea   0x000002ea   0x00000000   Code   RO          843    .ARM.Collect$$libshutdown$$00000006  c_w.l(libshutdown2.o)
    0x000002ea   0x000002ea   0x00000000   Code   RO          846    .ARM.Collect$$libshutdown$$00000009  c_w.l(libshutdown2.o)
    0x000002ea   0x000002ea   0x00000000   Code   RO          849    .ARM.Collect$$libshutdown$$0000000C  c_w.l(libshutdown2.o)
    0x000002ea   0x000002ea   0x00000000   Code   RO          851    .ARM.Collect$$libshutdown$$0000000E  c_w.l(libshutdown2.o)
    0x000002ea   0x000002ea   0x00000000   Code   RO          854    .ARM.Collect$$libshutdown$$00000011  c_w.l(libshutdown2.o)
    0x000002ea   0x000002ea   0x00000002   Code   RO          855    .ARM.Collect$$libshutdown$$00000012  c_w.l(libshutdown2.o)
    0x000002ec   0x000002ec   0x00000000   Code   RO          722    .ARM.Collect$$rtentry$$00000000  c_w.l(__rtentry.o)
    0x000002ec   0x000002ec   0x00000000   Code   RO          733    .ARM.Collect$$rtentry$$00000002  c_w.l(__rtentry2.o)
    0x000002ec   0x000002ec   0x00000006   Code   RO          745    .ARM.Collect$$rtentry$$00000004  c_w.l(__rtentry4.o)
    0x000002f2   0x000002f2   0x00000000   Code   RO          735    .ARM.Collect$$rtentry$$00000009  c_w.l(__rtentry2.o)
    0x000002f2   0x000002f2   0x00000004   Code   RO          736    .ARM.Collect$$rtentry$$0000000A  c_w.l(__rtentry2.o)
    0x000002f6   0x000002f6   0x00000000   Code   RO          738    .ARM.Collect$$rtentry$$0000000C  c_w.l(__rtentry2.o)
    0x000002f6   0x000002f6   0x00000008   Code   RO          739    .ARM.Collect$$rtentry$$0000000D  c_w.l(__rtentry2.o)
    0x000002fe   0x000002fe   0x00000002   Code   RO          760    .ARM.Collect$$rtexit$$00000000  c_w.l(rtexit.o)
    0x00000300   0x00000300   0x00000000   Code   RO          808    .ARM.Collect$$rtexit$$00000002  c_w.l(rtexit2.o)
    0x00000300   0x00000300   0x00000004   Code   RO          809    .ARM.Collect$$rtexit$$00000003  c_w.l(rtexit2.o)
    0x00000304   0x00000304   0x00000006   Code   RO          810    .ARM.Collect$$rtexit$$00000004  c_w.l(rtexit2.o)
    0x0000030a   0x0000030a   0x00000002   PAD
    0x0000030c   0x0000030c   0x00000114   Code   RO          653  * .text               startup_tm4c123.o
    0x00000420   0x00000420   0x00000006   Code   RO          700    .text               c_w.l(heapauxi.o)
    0x00000426   0x00000426   0x0000004a   Code   RO          747    .text               c_w.l(sys_stackheap_outer.o)
    0x00000470   0x00000470   0x00000012   Code   RO          749    .text               c_w.l(exit.o)
    0x00000482   0x00000482   0x00000002   PAD
    0x00000484   0x00000484   0x00000008   Code   RO          757    .text               c_w.l(libspace.o)
    0x0000048c   0x0000048c   0x0000000c   Code   RO          818    .text               c_w.l(sys_exit.o)
    0x00000498   0x00000498   0x00000002   Code   RO          829    .text               c_w.l(use_no_semi.o)
    0x0000049a   0x0000049a   0x00000000   Code   RO          831    .text               c_w.l(indicate_semi.o)
    0x0000049a   0x0000049a   0x00000020   Code   RO            4    i.Delay             st7735_driver.o
    0x000004ba   0x000004ba   0x00000002   PAD
    0x000004bc   0x000004bc   0x00000058   Code   RO          467    i.Delay1Ms          timer.o
    0x00000514   0x00000514   0x000000e4   Code   RO          376    i.InitADC_0         adc.o
    0x000005f8   0x000005f8   0x0000019c   Code   RO          424    i.InitSSI_0         spi.o
    0x00000794   0x00000794   0x000000c2   Code   RO          600    i.PlotADC           main.o
    0x00000856   0x00000856   0x00000002   PAD
    0x00000858   0x00000858   0x00000110   Code   RO           13    i.ST7735_DrawChar   st7735_driver.o
    0x00000968   0x00000968   0x000000f8   Code   RO           14    i.ST7735_DrawCharS  st7735_driver.o
    0x00000a60   0x00000a60   0x0000007c   Code   RO           16    i.ST7735_DrawFastHLine  st7735_driver.o
    0x00000adc   0x00000adc   0x0000007c   Code   RO           17    i.ST7735_DrawFastVLine  st7735_driver.o
    0x00000b58   0x00000b58   0x00000048   Code   RO           18    i.ST7735_DrawPixel  st7735_driver.o
    0x00000ba0   0x00000ba0   0x00000054   Code   RO           20    i.ST7735_DrawString  st7735_driver.o
    0x00000bf4   0x00000bf4   0x00000120   Code   RO           21    i.ST7735_Drawaxes   st7735_driver.o
    0x00000d14   0x00000d14   0x000000ac   Code   RO           22    i.ST7735_FillRect   st7735_driver.o
    0x00000dc0   0x00000dc0   0x00000038   Code   RO           32    i.ST7735_PlotIncrement  st7735_driver.o
    0x00000df8   0x00000df8   0x0000004c   Code   RO           36    i.ST7735_PlotPoint  st7735_driver.o
    0x00000e44   0x00000e44   0x0000002c   Code   RO          378    i.SampleADC_0       adc.o
    0x00000e70   0x00000e70   0x00000078   Code   RO          601    i.Send2MATLAB       main.o
    0x00000ee8   0x00000ee8   0x00000070   Code   RO           45    i.StandartInitCmd   st7735_driver.o
    0x00000f58   0x00000f58   0x00000030   Code   RO          379    i.SysTick_Handler   adc.o
    0x00000f88   0x00000f88   0x00000098   Code   RO          661    i.SystemInit        system_tm4c123.o
    0x00001020   0x00001020   0x00000038   Code   RO          602    i.ToogleLED         main.o
    0x00001058   0x00001058   0x00000024   Code   RO          497    i.UART0Tx           uart.o
    0x0000107c   0x0000107c   0x00000030   Code   RO          425    i.WriteCommand      spi.o
    0x000010ac   0x000010ac   0x00000024   Code   RO          426    i.WriteData         spi.o
    0x000010d0   0x000010d0   0x00000050   Code   RO          503    i.initGPIOA         uart.o
    0x00001120   0x00001120   0x0000005c   Code   RO          505    i.initGPIOF         uart.o
    0x0000117c   0x0000117c   0x000000d4   Code   RO          506    i.initUART0         uart.o
    0x00001250   0x00001250   0x000000a8   Code   RO          603    i.main              main.o
    0x000012f8   0x000012f8   0x00000012   Code   RO           54    i.pushColor         st7735_driver.o
    0x0000130a   0x0000130a   0x00000002   PAD
    0x0000130c   0x0000130c   0x00000074   Code   RO           55    i.setAddrWindow     st7735_driver.o
    0x00001380   0x00001380   0x00000062   Code   RO          704    x$fpl$d2f           fz_wm.l(d2f.o)
    0x000013e2   0x000013e2   0x00000002   PAD
    0x000013e4   0x000013e4   0x000002b0   Code   RO          707    x$fpl$ddiv          fz_wm.l(ddiv.o)
    0x00001694   0x00001694   0x0000005a   Code   RO          710    x$fpl$dfixu         fz_wm.l(dfixu.o)
    0x000016ee   0x000016ee   0x0000002e   Code   RO          715    x$fpl$dflt          fz_wm.l(dflt_clz.o)
    0x0000171c   0x0000171c   0x0000009c   Code   RO          723    x$fpl$dnaninf       fz_wm.l(dnaninf.o)
    0x000017b8   0x000017b8   0x0000000c   Code   RO          725    x$fpl$dretinf       fz_wm.l(dretinf.o)
    0x000017c4   0x000017c4   0x00000056   Code   RO          720    x$fpl$f2d           fz_wm.l(f2d.o)
    0x0000181a   0x0000181a   0x0000008c   Code   RO          727    x$fpl$fnaninf       fz_wm.l(fnaninf.o)
    0x000018a6   0x000018a6   0x0000000a   Code   RO          816    x$fpl$fpinit        fz_wm.l(fpinit.o)
    0x000018b0   0x000018b0   0x0000000a   Code   RO          729    x$fpl$fretinf       fz_wm.l(fretinf.o)
    0x000018ba   0x000018ba   0x00000000   Code   RO          731    x$fpl$usenofp       fz_wm.l(usenofp.o)
    0x000018ba   0x000018ba   0x00000842   Data   RO           57    .constdata          st7735_driver.o
    0x000020fc   0x000020fc   0x00000020   Data   RO          886    Region$$Table       anon$$obj.o


    Execution Region ER_RW (Exec base: 0x20000000, Load base: 0x0000211c, Size: 0x00000048, Max: 0xffffffff, ABSOLUTE)

    Exec Addr    Load Addr    Size         Type   Attr      Idx    E Section Name        Object

    0x20000000   0x0000211c   0x00000034   Data   RW           58    .data               st7735_driver.o
    0x20000034   0x00002150   0x00000008   Data   RW          380    .data               adc.o
    0x2000003c   0x00002158   0x0000000c   Data   RW          605    .data               main.o


    Execution Region ER_ZI (Exec base: 0x20000048, Load base: 0x00002164, Size: 0x00000260, Max: 0xffffffff, ABSOLUTE)

    Exec Addr    Load Addr    Size         Type   Attr      Idx    E Section Name        Object

    0x20000048        -       0x00000060   Zero   RW          758    .bss                c_w.l(libspace.o)
    0x200000a8        -       0x00000000   Zero   RW          651    HEAP                startup_tm4c123.o
    0x200000a8        -       0x00000200   Zero   RW          650    STACK               startup_tm4c123.o


==============================================================================

Image component sizes


      Code (inc. data)   RO Data    RW Data    ZI Data      Debug   Object Name

       320         42          0          8          0       1932   adc.o
       538         60          0         12          0       3422   main.o
       496         54          0          0          0       1719   spi.o
      1794        116       2114         52          0      20504   st7735_driver.o
       276         24        620          0        512       5524   startup_tm4c123.o
       152         40          0          0          0        673   system_tm4c123.o
        88         12          0          0          0        595   timer.o
       420         56          0          0          0       2346   uart.o

    ----------------------------------------------------------------------
      4090        404       2766         72        512      36715   Object Totals
         0          0         32          0          0          0   (incl. Generated)
         6          0          0          0          0          0   (incl. Padding)

    ----------------------------------------------------------------------

      Code (inc. data)   RO Data    RW Data    ZI Data      Debug   Library Member Name

         8          0          0          0          0         68   __main.o
         0          0          0          0          0          0   __rtentry.o
        12          0          0          0          0          0   __rtentry2.o
         6          0          0          0          0          0   __rtentry4.o
        52          8          0          0          0          0   __scatter.o
        26          0          0          0          0          0   __scatter_copy.o
        28          0          0          0          0          0   __scatter_zi.o
        18          0          0          0          0         80   exit.o
         6          0          0          0          0        152   heapauxi.o
         0          0          0          0          0          0   indicate_semi.o
         2          0          0          0          0          0   libinit.o
         6          0          0          0          0          0   libinit2.o
         2          0          0          0          0          0   libshutdown.o
         2          0          0          0          0          0   libshutdown2.o
         8          4          0          0         96         68   libspace.o
         2          0          0          0          0          0   rtexit.o
        10          0          0          0          0          0   rtexit2.o
        12          4          0          0          0         68   sys_exit.o
        74          0          0          0          0         80   sys_stackheap_outer.o
         2          0          0          0          0         68   use_no_semi.o
        98          4          0          0          0        140   d2f.o
       688        140          0          0          0        256   ddiv.o
        90          4          0          0          0        140   dfixu.o
        46          0          0          0          0        116   dflt_clz.o
       156          4          0          0          0        140   dnaninf.o
        12          0          0          0          0        116   dretinf.o
        86          4          0          0          0        132   f2d.o
       140          4          0          0          0        132   fnaninf.o
        10          0          0          0          0        116   fpinit.o
        10          0          0          0          0        116   fretinf.o
         0          0          0          0          0          0   usenofp.o

    ----------------------------------------------------------------------
      1620        176          0          0         96       1988   Library Totals
         8          0          0          0          0          0   (incl. Padding)

    ----------------------------------------------------------------------

      Code (inc. data)   RO Data    RW Data    ZI Data      Debug   Library Name

       276         16          0          0         96        584   c_w.l
      1336        160          0          0          0       1404   fz_wm.l

    ----------------------------------------------------------------------
      1620        176          0          0         96       1988   Library Totals

    ----------------------------------------------------------------------

==============================================================================


      Code (inc. data)   RO Data    RW Data    ZI Data      Debug   

      5710        580       2766         72        608      35147   Grand Totals
      5710        580       2766         72        608      35147   ELF Image Totals
      5710        580       2766         72          0          0   ROM Totals

==============================================================================

    Total RO  Size (Code + RO Data)                 8476 (   8.28kB)
    Total RW  Size (RW Data + ZI Data)               680 (   0.66kB)
    Total ROM Size (Code + RO Data + RW Data)       8548 (   8.35kB)

==============================================================================

